Component: ARM Compiler 5.06 update 6 (build 750) Tool: armlink [4d35ed]

==============================================================================

Image Symbol Table

    Local Symbols

    Symbol Name                              Value     Ov Type        Size  Object(Section)

    NUC_INIT                                 0x00000000   Section      252  startup.o(NUC_INIT)
    ../clib/angel/boardlib.s                 0x00000000   Number         0  boardinit1.o ABSOLUTE
    ../clib/angel/boardlib.s                 0x00000000   Number         0  boardinit3.o ABSOLUTE
    ../clib/angel/boardlib.s                 0x00000000   Number         0  boardinit2.o ABSOLUTE
    ../clib/angel/boardlib.s                 0x00000000   Number         0  boardshut.o ABSOLUTE
    ../clib/angel/dczerorl2.s                0x00000000   Number         0  __dczerorl2.o ABSOLUTE
    ../clib/angel/handlers.s                 0x00000000   Number         0  __scatter_copy.o ABSOLUTE
    ../clib/angel/handlers.s                 0x00000000   Number         0  __scatter_zi.o ABSOLUTE
    ../clib/angel/kernel.s                   0x00000000   Number         0  rtexit2.o ABSOLUTE
    ../clib/angel/kernel.s                   0x00000000   Number         0  __rtentry4.o ABSOLUTE
    ../clib/angel/kernel.s                   0x00000000   Number         0  __rtentry2.o ABSOLUTE
    ../clib/angel/kernel.s                   0x00000000   Number         0  __rtentry.o ABSOLUTE
    ../clib/angel/kernel.s                   0x00000000   Number         0  rtexit.o ABSOLUTE
    ../clib/angel/rt.s                       0x00000000   Number         0  rt_div0.o ABSOLUTE
    ../clib/angel/rt.s                       0x00000000   Number         0  rt_heap_descriptor_intlibspace.o ABSOLUTE
    ../clib/angel/rt.s                       0x00000000   Number         0  aeabi_idiv0.o ABSOLUTE
    ../clib/angel/rt.s                       0x00000000   Number         0  rt_heap_descriptor.o ABSOLUTE
    ../clib/angel/rt.s                       0x00000000   Number         0  aeabi_idiv0_sigfpe.o ABSOLUTE
    ../clib/angel/rt.s                       0x00000000   Number         0  rt_raise.o ABSOLUTE
    ../clib/angel/scatter.s                  0x00000000   Number         0  __scatter.o ABSOLUTE
    ../clib/angel/startup.s                  0x00000000   Number         0  __main.o ABSOLUTE
    ../clib/angel/sys.s                      0x00000000   Number         0  libspace.o ABSOLUTE
    ../clib/angel/sys.s                      0x00000000   Number         0  mutex_dummy.o ABSOLUTE
    ../clib/angel/sys.s                      0x00000000   Number         0  use_no_semi.o ABSOLUTE
    ../clib/angel/sys.s                      0x00000000   Number         0  sys_stackheap_outer.o ABSOLUTE
    ../clib/angel/sys.s                      0x00000000   Number         0  indicate_semi.o ABSOLUTE
    ../clib/angel/sysapp.c                   0x00000000   Number         0  sys_command.o ABSOLUTE
    ../clib/armsys.c                         0x00000000   Number         0  argv_veneer.o ABSOLUTE
    ../clib/armsys.c                         0x00000000   Number         0  argv_veneer.o ABSOLUTE
    ../clib/armsys.c                         0x00000000   Number         0  _get_argv_nomalloc.o ABSOLUTE
    ../clib/armsys.c                         0x00000000   Number         0  _get_argv.o ABSOLUTE
    ../clib/armsys.c                         0x00000000   Number         0  no_argv.o ABSOLUTE
    ../clib/division.s                       0x00000000   Number         0  aeabi_sdivfast.o ABSOLUTE
    ../clib/division.s                       0x00000000   Number         0  rtudiv10.o ABSOLUTE
    ../clib/division.s                       0x00000000   Number         0  aeabi_sdivfast_div0.o ABSOLUTE
    ../clib/divrt.s                          0x00000000   Number         0  divrt_9e.o ABSOLUTE
    ../clib/divrt.s                          0x00000000   Number         0  divrt_9e_div0.o ABSOLUTE
    ../clib/heap1.c                          0x00000000   Number         0  h1_init.o ABSOLUTE
    ../clib/heap1.c                          0x00000000   Number         0  h1_init_mt.o ABSOLUTE
    ../clib/heap1.c                          0x00000000   Number         0  h1_free.o ABSOLUTE
    ../clib/heap1.c                          0x00000000   Number         0  h1_final.o ABSOLUTE
    ../clib/heap1.c                          0x00000000   Number         0  h1_alloc_mt.o ABSOLUTE
    ../clib/heap1.c                          0x00000000   Number         0  h1_final_mt.o ABSOLUTE
    ../clib/heap1.c                          0x00000000   Number         0  h1_free_mt.o ABSOLUTE
    ../clib/heap1.c                          0x00000000   Number         0  h1_extend_mt.o ABSOLUTE
    ../clib/heap1.c                          0x00000000   Number         0  h1_extend.o ABSOLUTE
    ../clib/heap1.c                          0x00000000   Number         0  h1_alloc.o ABSOLUTE
[...]
    0x0000ff18   0x0000ff18   0x00000020   Code   RO         3915    i.WM_GetDesktopWindow  NUemWin_ARM9_Keil.lib(WM_Lib.o)
    0x0000ff38   0x0000ff38   0x0000001c   Code   RO         3916    i.WM_GetDesktopWindowEx  NUemWin_ARM9_Keil.lib(WM_Lib.o)
    0x0000ff54   0x0000ff54   0x0000012c   Code   RO         3917    i.WM_GetDialogItem  NUemWin_ARM9_Keil.lib(WM_Lib.o)
    0x00010080   0x00010080   0x00000018   Code   RO         3918    i.WM_GetFirstChild  NUemWin_ARM9_Keil.lib(WM_Lib.o)
    0x00010098   0x00010098   0x0000001c   Code   RO         3920    i.WM_GetFocusedWindow  NUemWin_ARM9_Keil.lib(WM_Lib.o)
    0x000100b4   0x000100b4   0x00000024   Code   RO         4764    i.WM_GetHasTrans    NUemWin_ARM9_Keil.lib(WM_SetTrans.o)
    0x000100d8   0x000100d8   0x00000034   Code   RO         3921    i.WM_GetId          NUemWin_ARM9_Keil.lib(WM_Lib.o)
    0x0001010c   0x0001010c   0x00000018   Code   RO         3926    i.WM_GetNextSibling  NUemWin_ARM9_Keil.lib(WM_Lib.o)
    0x00010124   0x00010124   0x00000018   Code   RO         3931    i.WM_GetParent      NUemWin_ARM9_Keil.lib(WM_Lib.o)
    0x0001013c   0x0001013c   0x00000020   Code   RO         3938    i.WM_GetWindowOrgX  NUemWin_ARM9_Keil.lib(WM_Lib.o)
    0x0001015c   0x0001015c   0x0000003c   Code   RO         3941    i.WM_GetWindowRectEx  NUemWin_ARM9_Keil.lib(WM_Lib.o)
    0x00010198   0x00010198   0x00000034   Code   RO         4732    i.WM_GetWindowSizeX  NUemWin_ARM9_Keil.lib(WM_GetWindowSize.o)
    0x000101cc   0x000101cc   0x00000034   Code   RO         4733    i.WM_GetWindowSizeY  NUemWin_ARM9_Keil.lib(WM_GetWindowSize.o)
    0x00010200   0x00010200   0x0000064c   Code   RO         4781    i.WM_HandlePID      NUemWin_ARM9_Keil.lib(WM_Touch.o)
    0x0001084c   0x0001084c   0x00000028   Code   RO         3942    i.WM_HasCaptured    NUemWin_ARM9_Keil.lib(WM_Lib.o)
    0x00010874   0x00010874   0x00000028   Code   RO         3943    i.WM_HasFocus       NUemWin_ARM9_Keil.lib(WM_Lib.o)
    0x0001089c   0x0001089c   0x00000140   Code   RO         3806    i.WM_Init           NUemWin_ARM9_Keil.lib(WM.o)
    0x000109dc   0x000109dc   0x00000168   Code   RO         3807    i.WM_InvalidateRect  NUemWin_ARM9_Keil.lib(WM.o)
    0x00010b44   0x00010b44   0x00000008   Code   RO         3808    i.WM_InvalidateWindow  NUemWin_ARM9_Keil.lib(WM.o)
    0x00010b4c   0x00010b4c   0x00000048   Code   RO         3945    i.WM_InvalidateWindowAndDescs  NUemWin_ARM9_Keil.lib(WM_Lib.o)
    0x00010b94   0x00010b94   0x000000b0   Code   RO         3809    i.WM_InvalidateWindowAndDescsEx  NUemWin_ARM9_Keil.lib(WM.o)
    0x00010c44   0x00010c44   0x00000058   Code   RO         3947    i.WM_IsFocusable    NUemWin_ARM9_Keil.lib(WM_Lib.o)
    0x00010c9c   0x00010c9c   0x00000004   Code   RO         3949    i.WM_IsWindow       NUemWin_ARM9_Keil.lib(WM_Lib.o)
    0x00010ca0   0x00010ca0   0x00000004   Code   RO         4747    i.WM_MoveWindow     NUemWin_ARM9_Keil.lib(WM_Move.o)
    0x00010ca4   0x00010ca4   0x0000004c   Code   RO         3951    i.WM_NotifyParent   NUemWin_ARM9_Keil.lib(WM_Lib.o)
    0x00010cf0   0x00010cf0   0x00000064   Code   RO         3952    i.WM_OnKey          NUemWin_ARM9_Keil.lib(WM_Lib.o)
    0x00010d54   0x00010d54   0x0000001c   Code   RO         5284    i.WM_PID__SetPrevState  NUemWin_ARM9_Keil.lib(WM_PID__GetPrevState.o)
    0x00010d70   0x00010d70   0x00000050   Code   RO         5296    i.WM_ReleaseCapture  NUemWin_ARM9_Keil.lib(WM_SetCapture.o)
    0x00010dc0   0x00010dc0   0x00000168   Code   RO         3956    i.WM_ResizeWindow   NUemWin_ARM9_Keil.lib(WM_Lib.o)
    0x00010f28   0x00010f28   0x00000044   Code   RO         4772    i.WM_RestartTimer   NUemWin_ARM9_Keil.lib(WM_Timer.o)
    0x00010f6c   0x00010f6c   0x000000cc   Code   RO         5288    i.WM_Screen2hWin    NUemWin_ARM9_Keil.lib(WM_Screen2Win.o)
    0x00011038   0x00011038   0x000000b4   Code   RO         3810    i.WM_SelectWindow   NUemWin_ARM9_Keil.lib(WM.o)
    0x000110ec   0x000110ec   0x0000000c   Code   RO         3811    i.WM_SendMessage    NUemWin_ARM9_Keil.lib(WM.o)
    0x000110f8   0x000110f8   0x00000004   Code   RO         3957    i.WM_SendMessageNoPara  NUemWin_ARM9_Keil.lib(WM_Lib.o)
    0x000110fc   0x000110fc   0x00000038   Code   RO         3958    i.WM_SendToParent   NUemWin_ARM9_Keil.lib(WM_Lib.o)
    0x00011134   0x00011134   0x0000006c   Code   RO         5297    i.WM_SetCapture     NUemWin_ARM9_Keil.lib(WM_SetCapture.o)
    0x000111a0   0x000111a0   0x00000108   Code   RO         4756    i.WM_SetCaptureMove  NUemWin_ARM9_Keil.lib(WM_SetCaptureMove.o)
    0x000112a8   0x000112a8   0x0000013c   Code   RO         3966    i.WM_SetFocus       NUemWin_ARM9_Keil.lib(WM_Lib.o)
    0x000113e4   0x000113e4   0x000000e8   Code   RO         4759    i.WM_SetFocusOnNextChild  NUemWin_ARM9_Keil.lib(WM_SetFocusOnNextChild.o)
    0x000114cc   0x000114cc   0x000000a8   Code   RO         4761    i.WM_SetFocusOnPrevChild  NUemWin_ARM9_Keil.lib(WM_SetFocusOnPrevChild.o)
    0x00011574   0x00011574   0x00000064   Code   RO         4765    i.WM_SetHasTrans    NUemWin_ARM9_Keil.lib(WM_SetTrans.o)
    0x000115d8   0x000115d8   0x00000064   Code   RO         3970    i.WM_SetSize        NUemWin_ARM9_Keil.lib(WM_Lib.o)
    0x0001163c   0x0001163c   0x00000024   Code   RO         3972    i.WM_SetUserClipRect  NUemWin_ARM9_Keil.lib(WM_Lib.o)
    0x00011660   0x00011660   0x00000070   Code   RO         3977    i.WM_ShowWindow     NUemWin_ARM9_Keil.lib(WM_Lib.o)
    0x000116d0   0x000116d0   0x00000048   Code   RO         3979    i.WM_ValidateWindow  NUemWin_ARM9_Keil.lib(WM_Lib.o)
    0x00011718   0x00011718   0x00000154   Code   RO         3813    i.WM__ActivateClipRect  NUemWin_ARM9_Keil.lib(WM.o)
    0x0001186c   0x0001186c   0x00000018   Code   RO         4807    i.WM__AddCriticalHandle  NUemWin_ARM9_Keil.lib(WM__Private.o)
    0x00011884   0x00011884   0x000000a4   Code   RO         3815    i.WM__ClipAtParentBorders  NUemWin_ARM9_Keil.lib(WM.o)
    0x00011928   0x00011928   0x000000b4   Code   RO         4773    i.WM__DeleteAssocTimer  NUemWin_ARM9_Keil.lib(WM_Timer.o)
    0x000119dc   0x000119dc   0x00000050   Code   RO         4808    i.WM__ForEachDesc   NUemWin_ARM9_Keil.lib(WM__Private.o)
    0x00011a2c   0x00011a2c   0x00000030   Code   RO         4809    i.WM__GetClientRectEx  NUemWin_ARM9_Keil.lib(WM__Private.o)
    0x00011a5c   0x00011a5c   0x00000030   Code   RO         3818    i.WM__GetClientRectWin  NUemWin_ARM9_Keil.lib(WM.o)
    0x00011a8c   0x00011a8c   0x0000006c   Code   RO         4811    i.WM__GetFocusedChild  NUemWin_ARM9_Keil.lib(WM__Private.o)
    0x00011af8   0x00011af8   0x00000028   Code   RO         4812    i.WM__GetLastSibling  NUemWin_ARM9_Keil.lib(WM__Private.o)
    0x00011b20   0x00011b20   0x000004f8   Code   RO         3819    i.WM__GetNextIVR    NUemWin_ARM9_Keil.lib(WM.o)
    0x00012018   0x00012018   0x00000054   Code   RO         4815    i.WM__GetPrevSibling  NUemWin_ARM9_Keil.lib(WM__Private.o)
    0x0001206c   0x0001206c   0x00000064   Code   RO         3820    i.WM__GetTopLevelLayer  NUemWin_ARM9_Keil.lib(WM.o)
    0x000120d0   0x000120d0   0x00000014   Code   RO         4734    i.WM__GetWindowSizeX  NUemWin_ARM9_Keil.lib(WM_GetWindowSize.o)
    0x000120e4   0x000120e4   0x00000014   Code   RO         4735    i.WM__GetWindowSizeY  NUemWin_ARM9_Keil.lib(WM_GetWindowSize.o)
    0x000120f8   0x000120f8   0x000001dc   Code   RO         3821    i.WM__InitIVRSearch  NUemWin_ARM9_Keil.lib(WM.o)
    0x000122d4   0x000122d4   0x00000130   Code   RO         3822    i.WM__InsertWindowIntoList  NUemWin_ARM9_Keil.lib(WM.o)
    0x00012404   0x00012404   0x0000008c   Code   RO         3824    i.WM__InvalidateDrawAndDescs  NUemWin_ARM9_Keil.lib(WM.o)
    0x00012490   0x00012490   0x0000003c   Code   RO         3825    i.WM__InvalidateParent  NUemWin_ARM9_Keil.lib(WM.o)
    0x000124cc   0x000124cc   0x00000160   Code   RO         3826    i.WM__InvalidateRect  NUemWin_ARM9_Keil.lib(WM.o)
    0x0001262c   0x0001262c   0x00000008   Code   RO         3827    i.WM__InvalidateRectEx  NUemWin_ARM9_Keil.lib(WM.o)
    0x00012634   0x00012634   0x00000040   Code   RO         4816    i.WM__IsAncestor    NUemWin_ARM9_Keil.lib(WM__Private.o)
    0x00012674   0x00012674   0x0000004c   Code   RO         4817    i.WM__IsAncestorOrSelf  NUemWin_ARM9_Keil.lib(WM__Private.o)
    0x000126c0   0x000126c0   0x00000020   Code   RO         4819    i.WM__IsEnabled     NUemWin_ARM9_Keil.lib(WM__Private.o)
    0x000126e0   0x000126e0   0x00000044   Code   RO         3828    i.WM__IsWindow      NUemWin_ARM9_Keil.lib(WM.o)
    0x00012724   0x00012724   0x0000017c   Code   RO         4749    i.WM__MoveWindow    NUemWin_ARM9_Keil.lib(WM_Move.o)
    0x000128a0   0x000128a0   0x00000100   Code   RO         3830    i.WM__Paint1        NUemWin_ARM9_Keil.lib(WM.o)
    0x000129a0   0x000129a0   0x000001c8   Code   RO         3831    i.WM__PaintWinAndOverlays  NUemWin_ARM9_Keil.lib(WM.o)
    0x00012b68   0x00012b68   0x00000050   Code   RO         4821    i.WM__RemoveCriticalHandle  NUemWin_ARM9_Keil.lib(WM__Private.o)
    0x00012bb8   0x00012bb8   0x00000070   Code   RO         3833    i.WM__RemoveWindowFromList  NUemWin_ARM9_Keil.lib(WM.o)
    0x00012c28   0x00012c28   0x0000001c   Code   RO         4822    i.WM__Screen2Client  NUemWin_ARM9_Keil.lib(WM__Private.o)
    0x00012c44   0x00012c44   0x00000068   Code   RO         4823    i.WM__SendMessage   NUemWin_ARM9_Keil.lib(WM__Private.o)
    0x00012cac   0x00012cac   0x0000007c   Code   RO         4824    i.WM__SendMessageIfEnabled  NUemWin_ARM9_Keil.lib(WM__Private.o)
    0x00012d28   0x00012d28   0x00000050   Code   RO         4825    i.WM__SendMessageNoPara  NUemWin_ARM9_Keil.lib(WM__Private.o)
    0x00012d78   0x00012d78   0x00000020   Code   RO         3835    i.WM__SendMsgNoData  NUemWin_ARM9_Keil.lib(WM.o)
    0x00012d98   0x00012d98   0x000000c0   Code   RO         4784    i.WM__SendTouchMessage  NUemWin_ARM9_Keil.lib(WM_Touch.o)
    0x00012e58   0x00012e58   0x000001f4   Code   RO         4826    i.WM__UpdateChildPositions  NUemWin_ARM9_Keil.lib(WM__Private.o)
    0x0001304c   0x0001304c   0x0000012c   Code   RO         2904    i._AddFreeMemory    NUemWin_ARM9_Keil.lib(GUI_Alloc.o)
    0x00013178   0x00013178   0x0000031c   Code   RO         2905    i._Alloc            NUemWin_ARM9_Keil.lib(GUI_Alloc.o)
    0x00013494   0x00013494   0x00000008   Code   RO         4239    i._CalcSizeOfChar   NUemWin_ARM9_Keil.lib(GUI_UC_EncodeNone.o)
    0x0001349c   0x0001349c   0x000000b8   Code   RO         2863    i._Color2IndexBulk  NUemWin_ARM9_Keil.lib(GUICC_M565.o)
    0x00013554   0x00013554   0x0000004c   Code   RO         4862    i._Color2IndexBulk_M8888I  NUemWin_ARM9_Keil.lib(GUICC_M8888I.o)
    0x000135a0   0x000135a0   0x000000a0   Code   RO         4852    i._Color2Index_0    NUemWin_ARM9_Keil.lib(GUICC_0.o)
    0x00013640   0x00013640   0x00000038   Code   RO         2864    i._Color2Index_M565  NUemWin_ARM9_Keil.lib(GUICC_M565.o)
    0x00013678   0x00013678   0x00000004   Code   RO         4863    i._Color2Index_M8888I  NUemWin_ARM9_Keil.lib(GUICC_M8888I.o)
    0x0001367c   0x0001367c   0x000000d0   Code   RO         3450    i._CopyBuffer       NUemWin_ARM9_Keil.lib(GUIDRV_Lin_16.o)
    0x0001374c   0x0001374c   0x00000064   Code   RO         4632    i._Create           NUemWin_ARM9_Keil.lib(BUTTON_Skin.o)
    0x000137b0   0x000137b0   0x00000044   Code   RO         4652    i._Create           NUemWin_ARM9_Keil.lib(FRAMEWIN_Skin.o)
    0x000137f4   0x000137f4   0x0000010c   Code   RO         5380    i._CreateBuffer     NUemWin_ARM9_Keil.lib(GUI_SPRITE.o)
    0x00013900   0x00013900   0x00000020   Code   RO         3836    i._DeleteAllChildren  NUemWin_ARM9_Keil.lib(WM.o)
    0x00013920   0x00013920   0x0000007c   Code   RO         1657    i._DemoSpiInit      spilib.o
    0x0001399c   0x0001399c   0x000009d0   Code   RO         3451    i._DrawBitmap       NUemWin_ARM9_Keil.lib(GUIDRV_Lin_16.o)
    0x0001436c   0x0001436c   0x00000c78   Code   RO         4581    i._DrawBitmap       NUemWin_ARM9_Keil.lib(GUIDEV_16.o)
    0x00014fe4   0x00014fe4   0x00000c6c   Code   RO         5186    i._DrawBitmap       NUemWin_ARM9_Keil.lib(GUIDEV_32.o)
    0x00015c50   0x00015c50   0x0000004c   Code   RO         5270    i._DrawDown         NUemWin_ARM9_Keil.lib(WIDGET_Effect_Simple.o)
    0x00015c9c   0x00015c9c   0x00000048   Code   RO         5271    i._DrawDownRect     NUemWin_ARM9_Keil.lib(WIDGET_Effect_Simple.o)
    0x00015ce4   0x00015ce4   0x0000009c   Code   RO         3452    i._DrawHLine        NUemWin_ARM9_Keil.lib(GUIDRV_Lin_16.o)
    0x00015d80   0x00015d80   0x00000010   Code   RO         4582    i._DrawHLine        NUemWin_ARM9_Keil.lib(GUIDEV_16.o)
    0x00015d90   0x00015d90   0x00000010   Code   RO         5187    i._DrawHLine        NUemWin_ARM9_Keil.lib(GUIDEV_32.o)
    0x00015da0   0x00015da0   0x0000004c   Code   RO         5272    i._DrawUp           NUemWin_ARM9_Keil.lib(WIDGET_Effect_Simple.o)
    0x00015dec   0x00015dec   0x00000048   Code   RO         5273    i._DrawUpRect       NUemWin_ARM9_Keil.lib(WIDGET_Effect_Simple.o)
    0x00015e34   0x00015e34   0x000000a0   Code   RO         3453    i._DrawVLine        NUemWin_ARM9_Keil.lib(GUIDRV_Lin_16.o)
    0x00015ed4   0x00015ed4   0x000001b4   Code   RO         4583    i._DrawVLine        NUemWin_ARM9_Keil.lib(GUIDEV_16.o)
    0x00016088   0x00016088   0x0000019c   Code   RO         5188    i._DrawVLine        NUemWin_ARM9_Keil.lib(GUIDEV_32.o)
    0x00016224   0x00016224   0x0000000c   Code   RO         4240    i._Encode           NUemWin_ARM9_Keil.lib(GUI_UC_EncodeNone.o)
    0x00016230   0x00016230   0x00000130   Code   RO         2906    i._EnlargeBlocks    NUemWin_ARM9_Keil.lib(GUI_Alloc.o)
    0x00016360   0x00016360   0x000000a0   Code   RO         3454    i._FillRect         NUemWin_ARM9_Keil.lib(GUIDRV_Lin_16.o)
    0x00016400   0x00016400   0x00000178   Code   RO         4584    i._FillRect         NUemWin_ARM9_Keil.lib(GUIDEV_16.o)
    0x00016578   0x00016578   0x000001ac   Code   RO         5189    i._FillRect         NUemWin_ARM9_Keil.lib(GUIDEV_32.o)
    0x00016724   0x00016724   0x000000e4   Code   RO         3838    i._Findx0           NUemWin_ARM9_Keil.lib(WM.o)
    0x00016808   0x00016808   0x000000d4   Code   RO         3839    i._Findx1           NUemWin_ARM9_Keil.lib(WM.o)
    0x000168dc   0x000168dc   0x0000011c   Code   RO         3840    i._Findy1           NUemWin_ARM9_Keil.lib(WM.o)
    0x000169f8   0x000169f8   0x00000004   Code   RO         5242    i._GUI_USAGE_BM_Delete  NUemWin_ARM9_Keil.lib(GUIDEV_UsageBM.o)
    0x000169fc   0x000169fc   0x000000b8   Code   RO         5386    i._GetBkIndexAlpha  NUemWin_ARM9_Keil.lib(GUI_SPRITE.o)
    0x00016ab4   0x00016ab4   0x0000006c   Code   RO         4653    i._GetBorderSize    NUemWin_ARM9_Keil.lib(FRAMEWIN_Skin.o)
    0x00016b20   0x00016b20   0x00000008   Code   RO         4241    i._GetCharCode      NUemWin_ARM9_Keil.lib(GUI_UC_EncodeNone.o)
    0x00016b28   0x00016b28   0x00000008   Code   RO         4242    i._GetCharSize      NUemWin_ARM9_Keil.lib(GUI_UC_EncodeNone.o)
    0x00016b30   0x00016b30   0x0000005c   Code   RO         4352    i._GetCharWrap      NUemWin_ARM9_Keil.lib(GUI__Wrap.o)
    0x00016b8c   0x00016b8c   0x0000004c   Code   RO         4276    i._GetCursorCharacter  NUemWin_ARM9_Keil.lib(GUI__GetCursorPos.o)
    0x00016bd8   0x00016bd8   0x0000006c   Code   RO         4277    i._GetCursorPosChar  NUemWin_ARM9_Keil.lib(GUI__GetCursorPos.o)
    0x00016c44   0x00016c44   0x00000034   Code   RO         4278    i._GetCursorPosX    NUemWin_ARM9_Keil.lib(GUI__GetCursorPos.o)
    0x00016c78   0x00016c78   0x00000024   Code   RO         3455    i._GetDevData       NUemWin_ARM9_Keil.lib(GUIDRV_Lin_16.o)
    0x00016c9c   0x00016c9c   0x00000014   Code   RO         4585    i._GetDevData       NUemWin_ARM9_Keil.lib(GUIDEV_16.o)
    0x00016cb0   0x00016cb0   0x00000014   Code   RO         5190    i._GetDevData       NUemWin_ARM9_Keil.lib(GUIDEV_32.o)
    0x00016cc4   0x00016cc4   0x000001d4   Code   RO         3456    i._GetDevFunc       NUemWin_ARM9_Keil.lib(GUIDRV_Lin_16.o)
    0x00016e98   0x00016e98   0x00000014   Code   RO         4586    i._GetDevFunc       NUemWin_ARM9_Keil.lib(GUIDEV_16.o)
    0x00016eac   0x00016eac   0x00000014   Code   RO         5191    i._GetDevFunc       NUemWin_ARM9_Keil.lib(GUIDEV_32.o)
    0x00016ec0   0x00016ec0   0x0000008c   Code   RO         3457    i._GetDevProp       NUemWin_ARM9_Keil.lib(GUIDRV_Lin_16.o)
    0x00016f4c   0x00016f4c   0x00000028   Code   RO         4587    i._GetDevProp       NUemWin_ARM9_Keil.lib(GUIDEV_16.o)
    0x00016f74   0x00016f74   0x00000010   Code   RO         5192    i._GetDevProp       NUemWin_ARM9_Keil.lib(GUIDEV_32.o)
    0x00016f84   0x00016f84   0x000000b4   Code   RO         3982    i._GetDialogItem    NUemWin_ARM9_Keil.lib(WM_Lib.o)
    0x00017038   0x00017038   0x00000078   Code   RO         4853    i._GetIndexMask_0   NUemWin_ARM9_Keil.lib(GUICC_0.o)
    0x000170b0   0x000170b0   0x0000000c   Code   RO         2865    i._GetIndexMask_M565  NUemWin_ARM9_Keil.lib(GUICC_M565.o)
    0x000170bc   0x000170bc   0x00000008   Code   RO         4864    i._GetIndexMask_M8888I  NUemWin_ARM9_Keil.lib(GUICC_M8888I.o)
    0x000170c4   0x000170c4   0x0000001c   Code   RO         3458    i._GetPixelIndex    NUemWin_ARM9_Keil.lib(GUIDRV_Lin_16.o)
    0x000170e0   0x000170e0   0x00000054   Code   RO         4588    i._GetPixelIndex    NUemWin_ARM9_Keil.lib(GUIDEV_16.o)
    0x00017134   0x00017134   0x00000054   Code   RO         5193    i._GetPixelIndex    NUemWin_ARM9_Keil.lib(GUIDEV_32.o)
    0x00017188   0x00017188   0x00000058   Code   RO         3459    i._GetPos           NUemWin_ARM9_Keil.lib(GUIDRV_Lin_16.o)
    0x000171e0   0x000171e0   0x0000002c   Code   RO         3460    i._GetRect          NUemWin_ARM9_Keil.lib(GUIDRV_Lin_16.o)
    0x0001720c   0x0001720c   0x00000060   Code   RO         4589    i._GetRect          NUemWin_ARM9_Keil.lib(GUIDEV_16.o)
    0x0001726c   0x0001726c   0x00000060   Code   RO         5194    i._GetRect          NUemWin_ARM9_Keil.lib(GUIDEV_32.o)
    0x000172cc   0x000172cc   0x000000f8   Code   RO         4353    i._GetWordWrap      NUemWin_ARM9_Keil.lib(GUI__Wrap.o)
    0x000173c4   0x000173c4   0x000000d4   Code   RO         2866    i._Index2ColorBulk  NUemWin_ARM9_Keil.lib(GUICC_M565.o)
    0x00017498   0x00017498   0x00000084   Code   RO         4865    i._Index2ColorBulk_M8888I  NUemWin_ARM9_Keil.lib(GUICC_M8888I.o)
    0x0001751c   0x0001751c   0x0000002c   Code   RO         4854    i._Index2Color_0    NUemWin_ARM9_Keil.lib(GUICC_0.o)
    0x00017548   0x00017548   0x00000058   Code   RO         3461    i._Init             NUemWin_ARM9_Keil.lib(GUIDRV_Lin_16.o)
    0x000175a0   0x000175a0   0x00000120   Code   RO         2907    i._InitOnce         NUemWin_ARM9_Keil.lib(GUI_Alloc.o)
    0x000176c0   0x000176c0   0x0000017c   Code   RO         3841    i._Invalidate1Abs   NUemWin_ARM9_Keil.lib(WM.o)
    0x0001783c   0x0001783c   0x00000120   Code   RO         5012    i._Link             NUemWin_ARM9_Keil.lib(GUI_Timer.o)
    0x0001795c   0x0001795c   0x00000004   Code   RO         4098    i._Log2VisBuffered  NUemWin_ARM9_Keil.lib(GUI_CharLine.o)
    0x00017960   0x00017960   0x000000b4   Code   RO         4750    i._MoveDescendents  NUemWin_ARM9_Keil.lib(WM_Move.o)
    0x00017a14   0x00017a14   0x00000010   Code   RO         3462    i._Off              NUemWin_ARM9_Keil.lib(GUIDRV_Lin_16.o)
    0x00017a24   0x00017a24   0x00000010   Code   RO         3463    i._On               NUemWin_ARM9_Keil.lib(GUIDRV_Lin_16.o)
    0x00017a34   0x00017a34   0x0000005c   Code   RO         3545    i._OnButtonReleased  NUemWin_ARM9_Keil.lib(BUTTON.o)
    0x00017a90   0x00017a90   0x00000064   Code   RO         3147    i._OnExit           NUemWin_ARM9_Keil.lib(GUI_Core.o)
    0x00017af4   0x00017af4   0x000000e0   Code   RO         3842    i._OnExit           NUemWin_ARM9_Keil.lib(WM.o)
    0x00017bd4   0x00017bd4   0x00000024   Code   RO         4414    i._OnExit           NUemWin_ARM9_Keil.lib(LCD_Color.o)
    0x00017bf8   0x00017bf8   0x00000028   Code   RO         4936    i._OnExit           NUemWin_ARM9_Keil.lib(GUI_PID.o)
    0x00017c20   0x00017c20   0x0000001c   Code   RO         5013    i._OnExit           NUemWin_ARM9_Keil.lib(GUI_Timer.o)
    0x00017c3c   0x00017c3c   0x00000040   Code   RO         5040    i._OnExit           NUemWin_ARM9_Keil.lib(GUI__Alpha.o)
    0x00017c7c   0x00017c7c   0x000000c4   Code   RO         3547    i._OnTouchDefault   NUemWin_ARM9_Keil.lib(BUTTON.o)
    0x00017d40   0x00017d40   0x00000408   Code   RO         3636    i._Paint            NUemWin_ARM9_Keil.lib(EDIT.o)
    0x00018148   0x00018148   0x000000d4   Code   RO         4633    i._Paint            NUemWin_ARM9_Keil.lib(BUTTON_Skin.o)
    0x0001821c   0x0001821c   0x000001b8   Code   RO         4654    i._Paint            NUemWin_ARM9_Keil.lib(FRAMEWIN_Skin.o)
    0x000183d4   0x000183d4   0x000001d0   Code   RO         3843    i._PaintTransChildren  NUemWin_ARM9_Keil.lib(WM.o)
    0x000185a4   0x000185a4   0x00000034   Code   RO          294    i._PutChar_f        sys_uart.o
    0x000185d8   0x000185d8   0x00000098   Code   RO         3464    i._ReadRect         NUemWin_ARM9_Keil.lib(GUIDRV_Lin_16.o)
    0x00018670   0x00018670   0x000000d8   Code   RO         5394    i._ReleaseBuffer    NUemWin_ARM9_Keil.lib(GUI_SPRITE.o)
    0x00018748   0x00018748   0x0000008c   Code   RO         2908    i._RemoveFreeBlock  NUemWin_ARM9_Keil.lib(GUI_Alloc.o)
    0x000187d4   0x000187d4   0x0000014c   Code   RO         2909    i._RemoveHoles      NUemWin_ARM9_Keil.lib(GUI_Alloc.o)
    0x00018920   0x00018920   0x000000b8   Code   RO         5291    i._Screen2hWin      NUemWin_ARM9_Keil.lib(WM_Screen2Win.o)
    0x000189d8   0x000189d8   0x00000060   Code   RO         3465    i._SetAlpha         NUemWin_ARM9_Keil.lib(GUIDRV_Lin_16.o)
    0x00018a38   0x00018a38   0x0000001c   Code   RO         3466    i._SetAlphaMode     NUemWin_ARM9_Keil.lib(GUIDRV_Lin_16.o)
    0x00018a54   0x00018a54   0x00000058   Code   RO         4380    i._SetBkColor       NUemWin_ARM9_Keil.lib(LCD.o)
    0x00018aac   0x00018aac   0x0000011c   Code   RO         5396    i._SetBkIndexBuffered  NUemWin_ARM9_Keil.lib(GUI_SPRITE.o)
    0x00018bc8   0x00018bc8   0x00000024   Code   RO         3467    i._SetChroma        NUemWin_ARM9_Keil.lib(GUIDRV_Lin_16.o)
    0x00018bec   0x00018bec   0x0000001c   Code   RO         3468    i._SetChromaMode    NUemWin_ARM9_Keil.lib(GUIDRV_Lin_16.o)
    0x00018c08   0x00018c08   0x00000058   Code   RO         4381    i._SetColor         NUemWin_ARM9_Keil.lib(LCD.o)
    0x00018c60   0x00018c60   0x0000009c   Code   RO         3469    i._SetDevFunc       NUemWin_ARM9_Keil.lib(GUIDRV_Lin_16.o)
    0x00018cfc   0x00018cfc   0x00000054   Code   RO         4382    i._SetDrawMode      NUemWin_ARM9_Keil.lib(LCD.o)
    0x00018d50   0x00018d50   0x00000150   Code   RO         3470    i._SetOrg           NUemWin_ARM9_Keil.lib(GUIDRV_Lin_16.o)
    0x00018ea0   0x00018ea0   0x00000018   Code   RO         4590    i._SetOrg           NUemWin_ARM9_Keil.lib(GUIDEV_16.o)
    0x00018eb8   0x00018eb8   0x00000010   Code   RO         5195    i._SetOrg           NUemWin_ARM9_Keil.lib(GUIDEV_32.o)
    0x00018ec8   0x00018ec8   0x00000024   Code   RO         3471    i._SetPixelIndex    NUemWin_ARM9_Keil.lib(GUIDRV_Lin_16.o)
    0x00018eec   0x00018eec   0x000000ac   Code   RO         4591    i._SetPixelIndex    NUemWin_ARM9_Keil.lib(GUIDEV_16.o)
    0x00018f98   0x00018f98   0x000000ac   Code   RO         5196    i._SetPixelIndex    NUemWin_ARM9_Keil.lib(GUIDEV_32.o)
    0x00019044   0x00019044   0x0000026c   Code   RO         3472    i._SetPos           NUemWin_ARM9_Keil.lib(GUIDRV_Lin_16.o)
    0x000192b0   0x000192b0   0x00000088   Code   RO         3473    i._SetSize          NUemWin_ARM9_Keil.lib(GUIDRV_Lin_16.o)
    0x00019338   0x00019338   0x00000064   Code   RO         3474    i._SetVRAMAddr      NUemWin_ARM9_Keil.lib(GUIDRV_Lin_16.o)
    0x0001939c   0x0001939c   0x00000050   Code   RO         3475    i._SetVRAM_BufferPTR  NUemWin_ARM9_Keil.lib(GUIDRV_Lin_16.o)
    0x000193ec   0x000193ec   0x00000054   Code   RO         3476    i._SetVSize         NUemWin_ARM9_Keil.lib(GUIDRV_Lin_16.o)
    0x00019440   0x00019440   0x00000060   Code   RO         3477    i._SetVis           NUemWin_ARM9_Keil.lib(GUIDRV_Lin_16.o)
    0x000194a0   0x000194a0   0x0000005c   Code   RO         3478    i._ShowBuffer       NUemWin_ARM9_Keil.lib(GUIDRV_Lin_16.o)
    0x000194fc   0x000194fc   0x00000288   Code   RO         5474    i._WriteToActiveAlpha  NUemWin_ARM9_Keil.lib(GUIDEV_WriteToActiveAlpha.o)
    0x00019784   0x00019784   0x00000054   Code   RO         3479    i._XorPixel         NUemWin_ARM9_Keil.lib(GUIDRV_Lin_16.o)
    0x000197d8   0x000197d8   0x000000c0   Code   RO         4592    i._XorPixel         NUemWin_ARM9_Keil.lib(GUIDEV_16.o)
    0x00019898   0x00019898   0x000000c4   Code   RO         5197    i._XorPixel         NUemWin_ARM9_Keil.lib(GUIDEV_32.o)
    0x0001995c   0x0001995c   0x00000010   Code   RO         2028    i.__user_initial_stackheap  standalone.o
    0x0001996c   0x0001996c   0x00000114   Code   RO         3844    i._cbBackWin        NUemWin_ARM9_Keil.lib(WM.o)
    0x00019a80   0x00019a80   0x000001f8   Code   RO         1783    i._cbDialog         framewindlg.o
    0x00019c78   0x00019c78   0x00000004   Code   RO         4729    i._cbInvalidateOne  NUemWin_ARM9_Keil.lib(WM_BringToTop.o)
    0x00019c7c   0x00019c7c   0x00000070   Code   RO         3845    i._cbPaintMemDev    NUemWin_ARM9_Keil.lib(WM.o)
    0x00019cec   0x00019cec   0x0000005c   Code   RO         4774    i._cbTimer          NUemWin_ARM9_Keil.lib(WM_Timer.o)
    0x00019d48   0x00019d48   0x00000004   Code   RO         2029    i._sys_exit         standalone.o
    0x00019d4c   0x00019d4c   0x00000004   Code   RO         2030    i._ttywrch          standalone.o
    0x00019d50   0x00019d50   0x000002f8   Code   RO          754    i.adcISR            adc.o
    0x0001a048   0x0001a048   0x00000464   Code   RO          755    i.adcIoctl          adc.o
    0x0001a4ac   0x0001a4ac   0x00000008   Code   RO          756    i.adcOpen           adc.o
    0x0001a4b4   0x0001a4b4   0x00000138   Code   RO          757    i.adcOpen2          adc.o
    0x0001a5ec   0x0001a5ec   0x00000120   Code   RO          758    i.adcReadXY         adc.o
    0x0001a70c   0x0001a70c   0x00000120   Code   RO          759    i.adcReadZ          adc.o
    0x0001a82c   0x0001a82c   0x00000038   Code   RO          970    i.ge2dBitblt_SetAlphaMode  2d.o
    0x0001a864   0x0001a864   0x00000094   Code   RO          984    i.ge2dFill_Solid_RGB565  2d.o
    0x0001a8f8   0x0001a8f8   0x00000154   Code   RO          992    i.ge2dInit          2d.o
    0x0001aa4c   0x0001aa4c   0x000000f4   Code   RO         1004    i.ge2dSpriteBlt_Screen  2d.o
    0x0001ab40   0x0001ab40   0x0000013c   Code   RO         1596    i.get_sample        ts_calibrate.o
    0x0001ac7c   0x0001ac7c   0x000001a0   Code   RO         1469    i.getxy             testutils.o
    0x0001ae1c   0x0001ae1c   0x000000f4   Code   RO         1383    i.line              fbutils.o
    0x0001af10   0x0001af10   0x000000dc   Code   RO         2058    i.main              main.o
    0x0001afec   0x0001afec   0x00000058   Code   RO         1008    i.make_color        2d.o
    0x0001b044   0x0001b044   0x0000054c   Code   RO         1597    i.perform_calibration  ts_calibrate.o
    0x0001b590   0x0001b590   0x0000012c   Code   RO         1384    i.pixel             fbutils.o
    0x0001b6bc   0x0001b6bc   0x0000008c   Code   RO         2355    i.prvAddCurrentTaskToDelayedList  tasks.o
    0x0001b748   0x0001b748   0x00000130   Code   RO         2356    i.prvAddNewTaskToReadyList  tasks.o
    0x0001b878   0x0001b878   0x0000001c   Code   RO         2357    i.prvDeleteTCB      tasks.o
    0x0001b894   0x0001b894   0x00000070   Code   RO         2812    i.prvHeapInit       heap_4.o
    0x0001b904   0x0001b904   0x0000008c   Code   RO         2358    i.prvIdleTask       tasks.o
    0x0001b990   0x0001b990   0x000000c8   Code   RO         2359    i.prvInitialiseNewTask  tasks.o
    0x0001ba58   0x0001ba58   0x00000088   Code   RO         2813    i.prvInsertBlockIntoFreeList  heap_4.o
    0x0001bae0   0x0001bae0   0x00000030   Code   RO         2361    i.prvResetNextTaskUnblockTime  tasks.o
    0x0001bb10   0x0001bb10   0x00000254   Code   RO         2059    i.prvSetupHardware  main.o
    0x0001bd64   0x0001bd64   0x00000134   Code   RO         1385    i.put_cross         fbutils.o
    0x0001be98   0x0001be98   0x00000108   Code   RO         2814    i.pvPortMalloc      heap_4.o
    0x0001bfa0   0x0001bfa0   0x000000ac   Code   RO         2672    i.pxPortInitialiseStack  port.o
    0x0001c04c   0x0001c04c   0x00000058   Code   RO         1387    i.setcolor          fbutils.o
    0x0001c0a4   0x0001c0a4   0x00000024   Code   RO          571    i.shift_pointer     lcd.o
    0x0001c0c8   0x0001c0c8   0x00000024   Code   RO         1009    i.shift_pointer     2d.o
    0x0001c0ec   0x0001c0ec   0x00000010   Code   RO         1471    i.sort_by_x         testutils.o
    0x0001c0fc   0x0001c0fc   0x00000010   Code   RO         1472    i.sort_by_y         testutils.o
    0x0001c10c   0x0001c10c   0x0000002c   Code   RO          911    i.spi0ISR           spi.o
    0x0001c138   0x0001c138   0x0000002c   Code   RO          912    i.spi1ISR           spi.o
    0x0001c164   0x0001c164   0x00000038   Code   RO          913    i.spiGetBusyStatus  spi.o
    0x0001c19c   0x0001c19c   0x00000074   Code   RO          914    i.spiInit           spi.o
    0x0001c210   0x0001c210   0x0000028c   Code   RO          915    i.spiIoctl          spi.o
    0x0001c49c   0x0001c49c   0x000000e8   Code   RO          916    i.spiOpen           spi.o
    0x0001c584   0x0001c584   0x00000018   Code   RO          917    i.spiRead           spi.o
    0x0001c59c   0x0001c59c   0x00000018   Code   RO          918    i.spiWrite          spi.o
    0x0001c5b4   0x0001c5b4   0x00000040   Code   RO          815    i.sysDisableCache   system_n9h30.o
    0x0001c5f4   0x0001c5f4   0x00000028   Code   RO          816    i.sysEnableCache    system_n9h30.o
    0x0001c61c   0x0001c61c   0x00000038   Code   RO            3    i.sysEnableInterrupt  sys.o
    0x0001c654   0x0001c654   0x00000068   Code   RO            4    i.sysFiqHandler     sys.o
    0x0001c6bc   0x0001c6bc   0x00000048   Code   RO          817    i.sysFlushCache     system_n9h30.o
    0x0001c704   0x0001c704   0x00000128   Code   RO          821    i.sysGetSdramSizebyMB  system_n9h30.o
    0x0001c82c   0x0001c82c   0x00000198   Code   RO          822    i.sysInitMMUTable   system_n9h30.o
    0x0001c9c4   0x0001c9c4   0x000000ec   Code   RO          823    i.sysInitPageTable  system_n9h30.o
    0x0001cab0   0x0001cab0   0x00000020   Code   RO           10    i.sysInitializeAIC  sys.o
    0x0001cad0   0x0001cad0   0x00000044   Code   RO          296    i.sysInitializeUART  sys_uart.o
    0x0001cb14   0x0001cb14   0x0000007c   Code   RO           13    i.sysInstallISR     sys.o
    0x0001cb90   0x0001cb90   0x00000014   Code   RO           14    i.sysInstallIrqHandler  sys.o
    0x0001cba4   0x0001cba4   0x00000068   Code   RO           15    i.sysIrqHandler     sys.o
    0x0001cc0c   0x0001cc0c   0x0000013c   Code   RO          299    i.sysPutNumber      sys_uart.o
    0x0001cd48   0x0001cd48   0x00000024   Code   RO          300    i.sysPutRepChar     sys_uart.o
    0x0001cd6c   0x0001cd6c   0x00000024   Code   RO          301    i.sysPutString      sys_uart.o
    0x0001cd90   0x0001cd90   0x00000028   Code   RO          302    i.sysPutStringReverse  sys_uart.o
    0x0001cdb8   0x0001cdb8   0x00000044   Code   RO           18    i.sysSetInterruptType  sys.o
    0x0001cdfc   0x0001cdfc   0x00000060   Code   RO           19    i.sysSetLocalInterrupt  sys.o
    0x0001ce5c   0x0001ce5c   0x000000d8   Code   RO          148    i.sysSetTimerEvent  sys_timer.o
    0x0001cf34   0x0001cf34   0x00000024   Code   RO          149    i.sysSetTimerReferenceClock  sys_timer.o
    0x0001cf58   0x0001cf58   0x00000148   Code   RO          151    i.sysStartTimer     sys_timer.o
    0x0001d0a0   0x0001d0a0   0x000000b4   Code   RO          153    i.sysTimer0ISR      sys_timer.o
    0x0001d154   0x0001d154   0x000000b4   Code   RO          154    i.sysTimer1ISR      sys_timer.o
    0x0001d208   0x0001d208   0x00000050   Code   RO          303    i.sysprintf         sys_uart.o
    0x0001d258   0x0001d258   0x0000003c   Code   RO         2673    i.systemIrqHandler  port.o
    0x0001d294   0x0001d294   0x00000298   Code   RO         1598    i.ts_calibrate      ts_calibrate.o
    0x0001d52c   0x0001d52c   0x00000064   Code   RO         1599    i.ts_phy2log        ts_calibrate.o
    0x0001d590   0x0001d590   0x00000054   Code   RO         1600    i.ts_readfile       ts_calibrate.o
    0x0001d5e4   0x0001d5e4   0x00000020   Code   RO         1601    i.ts_writefile      ts_calibrate.o
    0x0001d604   0x0001d604   0x00000040   Code   RO         2171    i.uxListRemove      list.o
    0x0001d644   0x0001d644   0x00000020   Code   RO         2172    i.vListInitialise   list.o
    0x0001d664   0x0001d664   0x0000000c   Code   RO         2173    i.vListInitialiseItem  list.o
    0x0001d670   0x0001d670   0x00000054   Code   RO         2174    i.vListInsert       list.o
    0x0001d6c4   0x0001d6c4   0x00000030   Code   RO         2175    i.vListInsertEnd    list.o
    0x0001d6f4   0x0001d6f4   0x00000024   Code   RO         2675    i.vPortEnterCritical  port.o
    0x0001d718   0x0001d718   0x00000038   Code   RO         2676    i.vPortExitCritical  port.o
    0x0001d750   0x0001d750   0x00000060   Code   RO         2815    i.vPortFree         heap_4.o
    0x0001d7b0   0x0001d7b0   0x00000030   Code   RO         2371    i.vTaskDelay        tasks.o
    0x0001d7e0   0x0001d7e0   0x00000080   Code   RO         2060    i.vTaskLogMsg1s     main.o
    0x0001d860   0x0001d860   0x00000080   Code   RO         2061    i.vTaskLogMsg500ms  main.o
    0x0001d8e0   0x0001d8e0   0x00000084   Code   RO         2062    i.vTaskLogMsg5s     main.o
    0x0001d964   0x0001d964   0x00000070   Code   RO         2385    i.vTaskStartScheduler  tasks.o
    0x0001d9d4   0x0001d9d4   0x00000018   Code   RO         2387    i.vTaskSuspendAll   tasks.o
    0x0001d9ec   0x0001d9ec   0x00000074   Code   RO         2388    i.vTaskSwitchContext  tasks.o
    0x0001da60   0x0001da60   0x00000004   Code   RO         2063    i.vTaskemWin        main.o
    0x0001da64   0x0001da64   0x00000078   Code   RO          572    i.vpostGetFrameBuffer  lcd.o
    0x0001dadc   0x0001dadc   0x000000b0   Code   RO          578    i.vpostLCMInit      lcd.o
    0x0001db8c   0x0001db8c   0x000000bc   Code   RO          593    i.vpostSetVASrc     lcd.o
    0x0001dc48   0x0001dc48   0x00000034   Code   RO          594    i.vpostVAScalingCtrl  lcd.o
    0x0001dc7c   0x0001dc7c   0x0000003c   Code   RO          595    i.vpostVAStartTrigger  lcd.o
    0x0001dcb8   0x0001dcb8   0x00000010   Code   RO         2817    i.xPortGetFreeHeapSize  heap_4.o
    0x0001dcc8   0x0001dcc8   0x00000084   Code   RO         2677    i.xPortStartScheduler  port.o
    0x0001dd4c   0x0001dd4c   0x0000008c   Code   RO         2390    i.xTaskCreate       tasks.o
    0x0001ddd8   0x0001ddd8   0x00000020   Code   RO         2395    i.xTaskGetTickCount  tasks.o
    0x0001ddf8   0x0001ddf8   0x0000011c   Code   RO         2397    i.xTaskIncrementTick  tasks.o
    0x0001df14   0x0001df14   0x000000f4   Code   RO         2403    i.xTaskResumeAll    tasks.o
    0x0001e008   0x0001e008   0x00000010   Code   RO         5777    x$fpl$dretinf       fz_5s.l(dretinf.o)
    0x0001e018   0x0001e018   0x00000064   Code   RO         5635    x$fpl$f2d           fz_5s.l(f2d.o)
    0x0001e07c   0x0001e07c   0x000000c4   Code   RO         5637    x$fpl$fadd          fz_5s.l(faddsub_clz.o)
    0x0001e140   0x0001e140   0x00000190   Code   RO         5644    x$fpl$fdiv          fz_5s.l(fdiv.o)
    0x0001e2d0   0x0001e2d0   0x00000044   Code   RO         5649    x$fpl$ffix          fz_5s.l(ffix.o)
    0x0001e314   0x0001e314   0x00000030   Code   RO         5658    x$fpl$fflt          fz_5s.l(fflt_clz.o)
    0x0001e344   0x0001e344   0x00000100   Code   RO         5665    x$fpl$fmul          fz_5s.l(fmul.o)
    0x0001e444   0x0001e444   0x000000a0   Code   RO         5785    x$fpl$fnaninf       fz_5s.l(fnaninf.o)
    0x0001e4e4   0x0001e4e4   0x00000010   Code   RO         5787    x$fpl$fretinf       fz_5s.l(fretinf.o)
    0x0001e4f4   0x0001e4f4   0x00000100   Code   RO         5639    x$fpl$fsub          fz_5s.l(faddsub_clz.o)
    0x0001e5f4   0x0001e5f4   0x00000000   Code   RO         5789    x$fpl$usenofp       fz_5s.l(usenofp.o)
    0x0001e5f4   0x0001e5f4   0x000000c4   Data   RO         1785    .constdata          framewindlg.o
    0x0001e6b8   0x0001e6b8   0x00000028   Data   RO         2065    .constdata          main.o
    0x0001e6e0   0x0001e6e0   0x00000018   Data   RO         2867    .constdata          NUemWin_ARM9_Keil.lib(GUICC_M565.o)
    0x0001e6f8   0x0001e6f8   0x00000008   Data   RO         3149    .constdata          NUemWin_ARM9_Keil.lib(GUI_Core.o)
    0x0001e700   0x0001e700   0x00000034   Data   RO         3480    .constdata          NUemWin_ARM9_Keil.lib(GUIDRV_Lin_16.o)
    0x0001e734   0x0001e734   0x00000518   Data   RO         3511    .constdata          NUemWin_ARM9_Keil.lib(F6x8.o)
    0x0001ec4c   0x0001ec4c   0x000001c0   Data   RO         3512    .constdata          NUemWin_ARM9_Keil.lib(F6x8.o)
    0x0001ee0c   0x0001ee0c   0x00000008   Data   RO         3513    .constdata          NUemWin_ARM9_Keil.lib(F6x8.o)
    0x0001ee14   0x0001ee14   0x00000014   Data   RO         3514    .constdata          NUemWin_ARM9_Keil.lib(F6x8.o)
    0x0001ee28   0x0001ee28   0x00000024   Data   RO         3515    .constdata          NUemWin_ARM9_Keil.lib(F6x8.o)
    0x0001ee4c   0x0001ee4c   0x00000010   Data   RO         4243    .constdata          NUemWin_ARM9_Keil.lib(GUI_UC_EncodeNone.o)
    0x0001ee5c   0x0001ee5c   0x00000020   Data   RO         4268    .constdata          NUemWin_ARM9_Keil.lib(GUI__DivTbl.o)
    0x0001ee7c   0x0001ee7c   0x00000040   Data   RO         4269    .constdata          NUemWin_ARM9_Keil.lib(GUI__DivTbl.o)
    0x0001eebc   0x0001eebc   0x00000100   Data   RO         4271    .constdata          NUemWin_ARM9_Keil.lib(GUI__DivTbl.o)
    0x0001efbc   0x0001efbc   0x00000100   Data   RO         4272    .constdata          NUemWin_ARM9_Keil.lib(GUI__DivTbl.o)
    0x0001f0bc   0x0001f0bc   0x0000000c   Data   RO         4383    .constdata          NUemWin_ARM9_Keil.lib(LCD.o)
    0x0001f0c8   0x0001f0c8   0x00000100   Data   RO         4429    .constdata          NUemWin_ARM9_Keil.lib(LCD_Mirror.o)
    0x0001f1c8   0x0001f1c8   0x0000000d   Data   RO         4462    .constdata          NUemWin_ARM9_Keil.lib(F13_1.o)
    0x0001f1d5   0x0001f1d5   0x0000000d   Data   RO         4463    .constdata          NUemWin_ARM9_Keil.lib(F13_1.o)
    0x0001f1e2   0x0001f1e2   0x0000000d   Data   RO         4464    .constdata          NUemWin_ARM9_Keil.lib(F13_1.o)
    0x0001f1ef   0x0001f1ef   0x0000000d   Data   RO         4465    .constdata          NUemWin_ARM9_Keil.lib(F13_1.o)
    0x0001f1fc   0x0001f1fc   0x0000000d   Data   RO         4466    .constdata          NUemWin_ARM9_Keil.lib(F13_1.o)
    0x0001f209   0x0001f209   0x0000000d   Data   RO         4467    .constdata          NUemWin_ARM9_Keil.lib(F13_1.o)
    0x0001f216   0x0001f216   0x0000000d   Data   RO         4468    .constdata          NUemWin_ARM9_Keil.lib(F13_1.o)
    0x0001f223   0x0001f223   0x0000000d   Data   RO         4469    .constdata          NUemWin_ARM9_Keil.lib(F13_1.o)
    0x0001f230   0x0001f230   0x0000000d   Data   RO         4470    .constdata          NUemWin_ARM9_Keil.lib(F13_1.o)
    0x0001f23d   0x0001f23d   0x0000001a   Data   RO         4471    .constdata          NUemWin_ARM9_Keil.lib(F13_1.o)
    0x0001f257   0x0001f257   0x0000000d   Data   RO         4472    .constdata          NUemWin_ARM9_Keil.lib(F13_1.o)
    0x0001f264   0x0001f264   0x0000000d   Data   RO         4473    .constdata          NUemWin_ARM9_Keil.lib(F13_1.o)
    0x0001f271   0x0001f271   0x0000000d   Data   RO         4474    .constdata          NUemWin_ARM9_Keil.lib(F13_1.o)
    0x0001f27e   0x0001f27e   0x0000000d   Data   RO         4475    .constdata          NUemWin_ARM9_Keil.lib(F13_1.o)
    0x0001f28b   0x0001f28b   0x0000001a   Data   RO         4476    .constdata          NUemWin_ARM9_Keil.lib(F13_1.o)
    0x0001f2a5   0x0001f2a5   0x0000000d   Data   RO         4477    .constdata          NUemWin_ARM9_Keil.lib(F13_1.o)
    0x0001f2b2   0x0001f2b2   0x0000000d   Data   RO         4478    .constdata          NUemWin_ARM9_Keil.lib(F13_1.o)
    0x0001f2bf   0x0001f2bf   0x0000000d   Data   RO         4479    .constdata          NUemWin_ARM9_Keil.lib(F13_1.o)
    0x0001f2cc   0x0001f2cc   0x0000000d   Data   RO         4480    .constdata          NUemWin_ARM9_Keil.lib(F13_1.o)
    0x0001f2d9   0x0001f2d9   0x0000000d   Data   RO         4481    .constdata          NUemWin_ARM9_Keil.lib(F13_1.o)
    0x0001f2e6   0x0001f2e6   0x0000000d   Data   RO         4482    .constdata          NUemWin_ARM9_Keil.lib(F13_1.o)
    0x0001f2f3   0x0001f2f3   0x0000000d   Data   RO         4483    .constdata          NUemWin_ARM9_Keil.lib(F13_1.o)
    0x0001f300   0x0001f300   0x0000000d   Data   RO         4484    .constdata          NUemWin_ARM9_Keil.lib(F13_1.o)
    0x0001f30d   0x0001f30d   0x0000000d   Data   RO         4485    .constdata          NUemWin_ARM9_Keil.lib(F13_1.o)
    0x0001f31a   0x0001f31a   0x0000000d   Data   RO         4486    .constdata          NUemWin_ARM9_Keil.lib(F13_1.o)
    0x0001f327   0x0001f327   0x0000000d   Data   RO         4487    .constdata          NUemWin_ARM9_Keil.lib(F13_1.o)
    0x0001f334   0x0001f334   0x0000000d   Data   RO         4488    .constdata          NUemWin_ARM9_Keil.lib(F13_1.o)
    0x0001f341   0x0001f341   0x0000000d   Data   RO         4489    .constdata          NUemWin_ARM9_Keil.lib(F13_1.o)
    0x0001f34e   0x0001f34e   0x0000001a   Data   RO         4490    .constdata          NUemWin_ARM9_Keil.lib(F13_1.o)
    0x0001f368   0x0001f368   0x0000001a   Data   RO         4491    .constdata          NUemWin_ARM9_Keil.lib(F13_1.o)
    0x0001f382   0x0001f382   0x0000001a   Data   RO         4492    .constdata          NUemWin_ARM9_Keil.lib(F13_1.o)
    0x0001f39c   0x0001f39c   0x0000000d   Data   RO         4493    .constdata          NUemWin_ARM9_Keil.lib(F13_1.o)
    0x0001f3a9   0x0001f3a9   0x0000000d   Data   RO         4494    .constdata          NUemWin_ARM9_Keil.lib(F13_1.o)
    0x0001f3b6   0x0001f3b6   0x0000000d   Data   RO         4495    .constdata          NUemWin_ARM9_Keil.lib(F13_1.o)
    0x0001f3c3   0x0001f3c3   0x0000000d   Data   RO         4496    .constdata          NUemWin_ARM9_Keil.lib(F13_1.o)
    0x0001f3d0   0x0001f3d0   0x0000000d   Data   RO         4497    .constdata          NUemWin_ARM9_Keil.lib(F13_1.o)
    0x0001f3dd   0x0001f3dd   0x0000000d   Data   RO         4498    .constdata          NUemWin_ARM9_Keil.lib(F13_1.o)
    0x0001f3ea   0x0001f3ea   0x0000000d   Data   RO         4499    .constdata          NUemWin_ARM9_Keil.lib(F13_1.o)
    0x0001f3f7   0x0001f3f7   0x0000001a   Data   RO         4500    .constdata          NUemWin_ARM9_Keil.lib(F13_1.o)
    0x0001f411   0x0001f411   0x0000000d   Data   RO         4501    .constdata          NUemWin_ARM9_Keil.lib(F13_1.o)
    0x0001f41e   0x0001f41e   0x0000000d   Data   RO         4502    .constdata          NUemWin_ARM9_Keil.lib(F13_1.o)
    0x0001f42b   0x0001f42b   0x0000000d   Data   RO         4503    .constdata          NUemWin_ARM9_Keil.lib(F13_1.o)
    0x0001f438   0x0001f438   0x0000000d   Data   RO         4504    .constdata          NUemWin_ARM9_Keil.lib(F13_1.o)
    0x0001f445   0x0001f445   0x0000000d   Data   RO         4505    .constdata          NUemWin_ARM9_Keil.lib(F13_1.o)
    0x0001f452   0x0001f452   0x0000000d   Data   RO         4506    .constdata          NUemWin_ARM9_Keil.lib(F13_1.o)
    0x0001f45f   0x0001f45f   0x0000000d   Data   RO         4507    .constdata          NUemWin_ARM9_Keil.lib(F13_1.o)
    0x0001f46c   0x0001f46c   0x0000000d   Data   RO         4508    .constdata          NUemWin_ARM9_Keil.lib(F13_1.o)
    0x0001f479   0x0001f479   0x0000000d   Data   RO         4509    .constdata          NUemWin_ARM9_Keil.lib(F13_1.o)
    0x0001f486   0x0001f486   0x0000000d   Data   RO         4510    .constdata          NUemWin_ARM9_Keil.lib(F13_1.o)
    0x0001f493   0x0001f493   0x0000000d   Data   RO         4511    .constdata          NUemWin_ARM9_Keil.lib(F13_1.o)
    0x0001f4a0   0x0001f4a0   0x0000000d   Data   RO         4512    .constdata          NUemWin_ARM9_Keil.lib(F13_1.o)
    0x0001f4ad   0x0001f4ad   0x0000000d   Data   RO         4513    .constdata          NUemWin_ARM9_Keil.lib(F13_1.o)
    0x0001f4ba   0x0001f4ba   0x0000000d   Data   RO         4514    .constdata          NUemWin_ARM9_Keil.lib(F13_1.o)
    0x0001f4c7   0x0001f4c7   0x0000000d   Data   RO         4515    .constdata          NUemWin_ARM9_Keil.lib(F13_1.o)
    0x0001f4d4   0x0001f4d4   0x0000000d   Data   RO         4516    .constdata          NUemWin_ARM9_Keil.lib(F13_1.o)
    0x0001f4e1   0x0001f4e1   0x0000000d   Data   RO         4517    .constdata          NUemWin_ARM9_Keil.lib(F13_1.o)
    0x0001f4ee   0x0001f4ee   0x0000000d   Data   RO         4518    .constdata          NUemWin_ARM9_Keil.lib(F13_1.o)
    0x0001f4fb   0x0001f4fb   0x0000000d   Data   RO         4519    .constdata          NUemWin_ARM9_Keil.lib(F13_1.o)
    0x0001f508   0x0001f508   0x0000000d   Data   RO         4520    .constdata          NUemWin_ARM9_Keil.lib(F13_1.o)
    0x0001f515   0x0001f515   0x0000000d   Data   RO         4521    .constdata          NUemWin_ARM9_Keil.lib(F13_1.o)
    0x0001f522   0x0001f522   0x0000000d   Data   RO         4522    .constdata          NUemWin_ARM9_Keil.lib(F13_1.o)
    0x0001f52f   0x0001f52f   0x0000000d   Data   RO         4523    .constdata          NUemWin_ARM9_Keil.lib(F13_1.o)
    0x0001f53c   0x0001f53c   0x0000000d   Data   RO         4524    .constdata          NUemWin_ARM9_Keil.lib(F13_1.o)
    0x0001f549   0x0001f549   0x0000000d   Data   RO         4525    .constdata          NUemWin_ARM9_Keil.lib(F13_1.o)
    0x0001f556   0x0001f556   0x0000000d   Data   RO         4526    .constdata          NUemWin_ARM9_Keil.lib(F13_1.o)
    0x0001f563   0x0001f563   0x0000000d   Data   RO         4527    .constdata          NUemWin_ARM9_Keil.lib(F13_1.o)
    0x0001f570   0x0001f570   0x0000000d   Data   RO         4528    .constdata          NUemWin_ARM9_Keil.lib(F13_1.o)
    0x0001f57d   0x0001f57d   0x0000000d   Data   RO         4529    .constdata          NUemWin_ARM9_Keil.lib(F13_1.o)
    0x0001f58a   0x0001f58a   0x0000000d   Data   RO         4530    .constdata          NUemWin_ARM9_Keil.lib(F13_1.o)
    0x0001f597   0x0001f597   0x0000000d   Data   RO         4531    .constdata          NUemWin_ARM9_Keil.lib(F13_1.o)
    0x0001f5a4   0x0001f5a4   0x0000001a   Data   RO         4532    .constdata          NUemWin_ARM9_Keil.lib(F13_1.o)
    0x0001f5be   0x0001f5be   0x0000000d   Data   RO         4533    .constdata          NUemWin_ARM9_Keil.lib(F13_1.o)
    0x0001f5cb   0x0001f5cb   0x0000000d   Data   RO         4534    .constdata          NUemWin_ARM9_Keil.lib(F13_1.o)
    0x0001f5d8   0x0001f5d8   0x0000000d   Data   RO         4535    .constdata          NUemWin_ARM9_Keil.lib(F13_1.o)
    0x0001f5e5   0x0001f5e5   0x0000000d   Data   RO         4536    .constdata          NUemWin_ARM9_Keil.lib(F13_1.o)
    0x0001f5f2   0x0001f5f2   0x0000000d   Data   RO         4537    .constdata          NUemWin_ARM9_Keil.lib(F13_1.o)
    0x0001f5ff   0x0001f5ff   0x0000000d   Data   RO         4538    .constdata          NUemWin_ARM9_Keil.lib(F13_1.o)
    0x0001f60c   0x0001f60c   0x0000000d   Data   RO         4539    .constdata          NUemWin_ARM9_Keil.lib(F13_1.o)
    0x0001f619   0x0001f619   0x0000000d   Data   RO         4540    .constdata          NUemWin_ARM9_Keil.lib(F13_1.o)
    0x0001f626   0x0001f626   0x0000000d   Data   RO         4541    .constdata          NUemWin_ARM9_Keil.lib(F13_1.o)
    0x0001f633   0x0001f633   0x0000000d   Data   RO         4542    .constdata          NUemWin_ARM9_Keil.lib(F13_1.o)
    0x0001f640   0x0001f640   0x0000000d   Data   RO         4543    .constdata          NUemWin_ARM9_Keil.lib(F13_1.o)
    0x0001f64d   0x0001f64d   0x0000000d   Data   RO         4544    .constdata          NUemWin_ARM9_Keil.lib(F13_1.o)
    0x0001f65a   0x0001f65a   0x0000000d   Data   RO         4545    .constdata          NUemWin_ARM9_Keil.lib(F13_1.o)
    0x0001f667   0x0001f667   0x0000000d   Data   RO         4546    .constdata          NUemWin_ARM9_Keil.lib(F13_1.o)
    0x0001f674   0x0001f674   0x0000000d   Data   RO         4547    .constdata          NUemWin_ARM9_Keil.lib(F13_1.o)
    0x0001f681   0x0001f681   0x0000000d   Data   RO         4548    .constdata          NUemWin_ARM9_Keil.lib(F13_1.o)
    0x0001f68e   0x0001f68e   0x0000000d   Data   RO         4549    .constdata          NUemWin_ARM9_Keil.lib(F13_1.o)
    0x0001f69b   0x0001f69b   0x0000000d   Data   RO         4550    .constdata          NUemWin_ARM9_Keil.lib(F13_1.o)
    0x0001f6a8   0x0001f6a8   0x0000000d   Data   RO         4551    .constdata          NUemWin_ARM9_Keil.lib(F13_1.o)
    0x0001f6b5   0x0001f6b5   0x0000000d   Data   RO         4552    .constdata          NUemWin_ARM9_Keil.lib(F13_1.o)
    0x0001f6c2   0x0001f6c2   0x0000000d   Data   RO         4553    .constdata          NUemWin_ARM9_Keil.lib(F13_1.o)
    0x0001f6cf   0x0001f6cf   0x0000000d   Data   RO         4554    .constdata          NUemWin_ARM9_Keil.lib(F13_1.o)
    0x0001f6dc   0x0001f6dc   0x0000000d   Data   RO         4555    .constdata          NUemWin_ARM9_Keil.lib(F13_1.o)
    0x0001f6e9   0x0001f6e9   0x0000000d   Data   RO         4556    .constdata          NUemWin_ARM9_Keil.lib(F13_1.o)
    0x0001f6f6   0x0001f6f6   0x0000000d   Data   RO         4557    .constdata          NUemWin_ARM9_Keil.lib(F13_1.o)
    0x0001f703   0x0001f703   0x00000001   PAD
    0x0001f704   0x0001f704   0x00000300   Data   RO         4558    .constdata          NUemWin_ARM9_Keil.lib(F13_1.o)
    0x0001fa04   0x0001fa04   0x0000000c   Data   RO         4559    .constdata          NUemWin_ARM9_Keil.lib(F13_1.o)
    0x0001fa10   0x0001fa10   0x00000024   Data   RO         4560    .constdata          NUemWin_ARM9_Keil.lib(F13_1.o)
    0x0001fa34   0x0001fa34   0x00000074   Data   RO         4593    .constdata          NUemWin_ARM9_Keil.lib(GUIDEV_16.o)
    0x0001faa8   0x0001faa8   0x00000010   Data   RO         4642    .constdata          NUemWin_ARM9_Keil.lib(BUTTON_SkinFlex.o)
    0x0001fab8   0x0001fab8   0x00000018   Data   RO         4855    .constdata          NUemWin_ARM9_Keil.lib(GUICC_0.o)
    0x0001fad0   0x0001fad0   0x00000018   Data   RO         4866    .constdata          NUemWin_ARM9_Keil.lib(GUICC_M8888I.o)
    0x0001fae8   0x0001fae8   0x0000000d   Data   RO         5088    .constdata          NUemWin_ARM9_Keil.lib(F13_ASCII.o)
    0x0001faf5   0x0001faf5   0x0000000d   Data   RO         5089    .constdata          NUemWin_ARM9_Keil.lib(F13_ASCII.o)
    0x0001fb02   0x0001fb02   0x0000000d   Data   RO         5090    .constdata          NUemWin_ARM9_Keil.lib(F13_ASCII.o)
    0x0001fb0f   0x0001fb0f   0x0000000d   Data   RO         5091    .constdata          NUemWin_ARM9_Keil.lib(F13_ASCII.o)
    0x0001fb1c   0x0001fb1c   0x0000000d   Data   RO         5092    .constdata          NUemWin_ARM9_Keil.lib(F13_ASCII.o)
    0x0001fb29   0x0001fb29   0x0000001a   Data   RO         5093    .constdata          NUemWin_ARM9_Keil.lib(F13_ASCII.o)
    0x0001fb43   0x0001fb43   0x0000000d   Data   RO         5094    .constdata          NUemWin_ARM9_Keil.lib(F13_ASCII.o)
    0x0001fb50   0x0001fb50   0x0000000d   Data   RO         5095    .constdata          NUemWin_ARM9_Keil.lib(F13_ASCII.o)
    0x0001fb5d   0x0001fb5d   0x0000000d   Data   RO         5096    .constdata          NUemWin_ARM9_Keil.lib(F13_ASCII.o)
    0x0001fb6a   0x0001fb6a   0x0000000d   Data   RO         5097    .constdata          NUemWin_ARM9_Keil.lib(F13_ASCII.o)
    0x0001fb77   0x0001fb77   0x0000000d   Data   RO         5098    .constdata          NUemWin_ARM9_Keil.lib(F13_ASCII.o)
    0x0001fb84   0x0001fb84   0x0000000d   Data   RO         5099    .constdata          NUemWin_ARM9_Keil.lib(F13_ASCII.o)
    0x0001fb91   0x0001fb91   0x0000000d   Data   RO         5100    .constdata          NUemWin_ARM9_Keil.lib(F13_ASCII.o)
    0x0001fb9e   0x0001fb9e   0x0000000d   Data   RO         5101    .constdata          NUemWin_ARM9_Keil.lib(F13_ASCII.o)
    0x0001fbab   0x0001fbab   0x0000000d   Data   RO         5102    .constdata          NUemWin_ARM9_Keil.lib(F13_ASCII.o)
    0x0001fbb8   0x0001fbb8   0x0000000d   Data   RO         5103    .constdata          NUemWin_ARM9_Keil.lib(F13_ASCII.o)
    0x0001fbc5   0x0001fbc5   0x0000000d   Data   RO         5104    .constdata          NUemWin_ARM9_Keil.lib(F13_ASCII.o)
    0x0001fbd2   0x0001fbd2   0x0000000d   Data   RO         5105    .constdata          NUemWin_ARM9_Keil.lib(F13_ASCII.o)
    0x0001fbdf   0x0001fbdf   0x0000000d   Data   RO         5106    .constdata          NUemWin_ARM9_Keil.lib(F13_ASCII.o)
    0x0001fbec   0x0001fbec   0x0000000d   Data   RO         5107    .constdata          NUemWin_ARM9_Keil.lib(F13_ASCII.o)
    0x0001fbf9   0x0001fbf9   0x0000000d   Data   RO         5108    .constdata          NUemWin_ARM9_Keil.lib(F13_ASCII.o)
    0x0001fc06   0x0001fc06   0x0000000d   Data   RO         5109    .constdata          NUemWin_ARM9_Keil.lib(F13_ASCII.o)
    0x0001fc13   0x0001fc13   0x0000000d   Data   RO         5110    .constdata          NUemWin_ARM9_Keil.lib(F13_ASCII.o)
    0x0001fc20   0x0001fc20   0x0000000d   Data   RO         5111    .constdata          NUemWin_ARM9_Keil.lib(F13_ASCII.o)
    0x0001fc2d   0x0001fc2d   0x0000000d   Data   RO         5112    .constdata          NUemWin_ARM9_Keil.lib(F13_ASCII.o)
    0x0001fc3a   0x0001fc3a   0x0000000d   Data   RO         5113    .constdata          NUemWin_ARM9_Keil.lib(F13_ASCII.o)
    0x0001fc47   0x0001fc47   0x0000000d   Data   RO         5114    .constdata          NUemWin_ARM9_Keil.lib(F13_ASCII.o)
    0x0001fc54   0x0001fc54   0x0000000d   Data   RO         5115    .constdata          NUemWin_ARM9_Keil.lib(F13_ASCII.o)
    0x0001fc61   0x0001fc61   0x0000000d   Data   RO         5116    .constdata          NUemWin_ARM9_Keil.lib(F13_ASCII.o)
    0x0001fc6e   0x0001fc6e   0x0000000d   Data   RO         5117    .constdata          NUemWin_ARM9_Keil.lib(F13_ASCII.o)
    0x0001fc7b   0x0001fc7b   0x0000000d   Data   RO         5118    .constdata          NUemWin_ARM9_Keil.lib(F13_ASCII.o)
    0x0001fc88   0x0001fc88   0x0000000d   Data   RO         5119    .constdata          NUemWin_ARM9_Keil.lib(F13_ASCII.o)
    0x0001fc95   0x0001fc95   0x0000001a   Data   RO         5120    .constdata          NUemWin_ARM9_Keil.lib(F13_ASCII.o)
    0x0001fcaf   0x0001fcaf   0x0000000d   Data   RO         5121    .constdata          NUemWin_ARM9_Keil.lib(F13_ASCII.o)
    0x0001fcbc   0x0001fcbc   0x0000000d   Data   RO         5122    .constdata          NUemWin_ARM9_Keil.lib(F13_ASCII.o)
    0x0001fcc9   0x0001fcc9   0x0000000d   Data   RO         5123    .constdata          NUemWin_ARM9_Keil.lib(F13_ASCII.o)
    0x0001fcd6   0x0001fcd6   0x0000000d   Data   RO         5124    .constdata          NUemWin_ARM9_Keil.lib(F13_ASCII.o)
    0x0001fce3   0x0001fce3   0x0000000d   Data   RO         5125    .constdata          NUemWin_ARM9_Keil.lib(F13_ASCII.o)
    0x0001fcf0   0x0001fcf0   0x0000000d   Data   RO         5126    .constdata          NUemWin_ARM9_Keil.lib(F13_ASCII.o)
    0x0001fcfd   0x0001fcfd   0x0000000d   Data   RO         5127    .constdata          NUemWin_ARM9_Keil.lib(F13_ASCII.o)
    0x0001fd0a   0x0001fd0a   0x0000000d   Data   RO         5128    .constdata          NUemWin_ARM9_Keil.lib(F13_ASCII.o)
    0x0001fd17   0x0001fd17   0x0000000d   Data   RO         5129    .constdata          NUemWin_ARM9_Keil.lib(F13_ASCII.o)
    0x0001fd24   0x0001fd24   0x0000000d   Data   RO         5130    .constdata          NUemWin_ARM9_Keil.lib(F13_ASCII.o)
    0x0001fd31   0x0001fd31   0x0000000d   Data   RO         5131    .constdata          NUemWin_ARM9_Keil.lib(F13_ASCII.o)
    0x0001fd3e   0x0001fd3e   0x0000000d   Data   RO         5132    .constdata          NUemWin_ARM9_Keil.lib(F13_ASCII.o)
    0x0001fd4b   0x0001fd4b   0x0000000d   Data   RO         5133    .constdata          NUemWin_ARM9_Keil.lib(F13_ASCII.o)
    0x0001fd58   0x0001fd58   0x0000000d   Data   RO         5134    .constdata          NUemWin_ARM9_Keil.lib(F13_ASCII.o)
    0x0001fd65   0x0001fd65   0x0000000d   Data   RO         5135    .constdata          NUemWin_ARM9_Keil.lib(F13_ASCII.o)
    0x0001fd72   0x0001fd72   0x0000000d   Data   RO         5136    .constdata          NUemWin_ARM9_Keil.lib(F13_ASCII.o)
    0x0001fd7f   0x0001fd7f   0x0000000d   Data   RO         5137    .constdata          NUemWin_ARM9_Keil.lib(F13_ASCII.o)
    0x0001fd8c   0x0001fd8c   0x0000000d   Data   RO         5138    .constdata          NUemWin_ARM9_Keil.lib(F13_ASCII.o)
    0x0001fd99   0x0001fd99   0x0000000d   Data   RO         5139    .constdata          NUemWin_ARM9_Keil.lib(F13_ASCII.o)
    0x0001fda6   0x0001fda6   0x0000000d   Data   RO         5140    .constdata          NUemWin_ARM9_Keil.lib(F13_ASCII.o)
    0x0001fdb3   0x0001fdb3   0x0000000d   Data   RO         5141    .constdata          NUemWin_ARM9_Keil.lib(F13_ASCII.o)
    0x0001fdc0   0x0001fdc0   0x0000000d   Data   RO         5142    .constdata          NUemWin_ARM9_Keil.lib(F13_ASCII.o)
    0x0001fdcd   0x0001fdcd   0x0000001a   Data   RO         5143    .constdata          NUemWin_ARM9_Keil.lib(F13_ASCII.o)
    0x0001fde7   0x0001fde7   0x0000000d   Data   RO         5144    .constdata          NUemWin_ARM9_Keil.lib(F13_ASCII.o)
    0x0001fdf4   0x0001fdf4   0x0000000d   Data   RO         5145    .constdata          NUemWin_ARM9_Keil.lib(F13_ASCII.o)
    0x0001fe01   0x0001fe01   0x0000000d   Data   RO         5146    .constdata          NUemWin_ARM9_Keil.lib(F13_ASCII.o)
    0x0001fe0e   0x0001fe0e   0x0000000d   Data   RO         5147    .constdata          NUemWin_ARM9_Keil.lib(F13_ASCII.o)
    0x0001fe1b   0x0001fe1b   0x0000000d   Data   RO         5148    .constdata          NUemWin_ARM9_Keil.lib(F13_ASCII.o)
    0x0001fe28   0x0001fe28   0x0000000d   Data   RO         5149    .constdata          NUemWin_ARM9_Keil.lib(F13_ASCII.o)
    0x0001fe35   0x0001fe35   0x0000000d   Data   RO         5150    .constdata          NUemWin_ARM9_Keil.lib(F13_ASCII.o)
    0x0001fe42   0x0001fe42   0x0000000d   Data   RO         5151    .constdata          NUemWin_ARM9_Keil.lib(F13_ASCII.o)
    0x0001fe4f   0x0001fe4f   0x0000000d   Data   RO         5152    .constdata          NUemWin_ARM9_Keil.lib(F13_ASCII.o)
    0x0001fe5c   0x0001fe5c   0x0000000d   Data   RO         5153    .constdata          NUemWin_ARM9_Keil.lib(F13_ASCII.o)
    0x0001fe69   0x0001fe69   0x0000000d   Data   RO         5154    .constdata          NUemWin_ARM9_Keil.lib(F13_ASCII.o)
    0x0001fe76   0x0001fe76   0x0000000d   Data   RO         5155    .constdata          NUemWin_ARM9_Keil.lib(F13_ASCII.o)
    0x0001fe83   0x0001fe83   0x0000000d   Data   RO         5156    .constdata          NUemWin_ARM9_Keil.lib(F13_ASCII.o)
    0x0001fe90   0x0001fe90   0x0000000d   Data   RO         5157    .constdata          NUemWin_ARM9_Keil.lib(F13_ASCII.o)
    0x0001fe9d   0x0001fe9d   0x0000000d   Data   RO         5158    .constdata          NUemWin_ARM9_Keil.lib(F13_ASCII.o)
    0x0001feaa   0x0001feaa   0x0000000d   Data   RO         5159    .constdata          NUemWin_ARM9_Keil.lib(F13_ASCII.o)
    0x0001feb7   0x0001feb7   0x0000000d   Data   RO         5160    .constdata          NUemWin_ARM9_Keil.lib(F13_ASCII.o)
    0x0001fec4   0x0001fec4   0x0000000d   Data   RO         5161    .constdata          NUemWin_ARM9_Keil.lib(F13_ASCII.o)
    0x0001fed1   0x0001fed1   0x0000000d   Data   RO         5162    .constdata          NUemWin_ARM9_Keil.lib(F13_ASCII.o)
    0x0001fede   0x0001fede   0x0000000d   Data   RO         5163    .constdata          NUemWin_ARM9_Keil.lib(F13_ASCII.o)
    0x0001feeb   0x0001feeb   0x0000000d   Data   RO         5164    .constdata          NUemWin_ARM9_Keil.lib(F13_ASCII.o)
    0x0001fef8   0x0001fef8   0x0000000d   Data   RO         5165    .constdata          NUemWin_ARM9_Keil.lib(F13_ASCII.o)
    0x0001ff05   0x0001ff05   0x0000000d   Data   RO         5166    .constdata          NUemWin_ARM9_Keil.lib(F13_ASCII.o)
    0x0001ff12   0x0001ff12   0x0000000d   Data   RO         5167    .constdata          NUemWin_ARM9_Keil.lib(F13_ASCII.o)
    0x0001ff1f   0x0001ff1f   0x0000000d   Data   RO         5168    .constdata          NUemWin_ARM9_Keil.lib(F13_ASCII.o)
    0x0001ff2c   0x0001ff2c   0x0000000d   Data   RO         5169    .constdata          NUemWin_ARM9_Keil.lib(F13_ASCII.o)
    0x0001ff39   0x0001ff39   0x0000000d   Data   RO         5170    .constdata          NUemWin_ARM9_Keil.lib(F13_ASCII.o)
    0x0001ff46   0x0001ff46   0x0000000d   Data   RO         5171    .constdata          NUemWin_ARM9_Keil.lib(F13_ASCII.o)
    0x0001ff53   0x0001ff53   0x0000000d   Data   RO         5172    .constdata          NUemWin_ARM9_Keil.lib(F13_ASCII.o)
    0x0001ff60   0x0001ff60   0x0000000d   Data   RO         5173    .constdata          NUemWin_ARM9_Keil.lib(F13_ASCII.o)
    0x0001ff6d   0x0001ff6d   0x0000000d   Data   RO         5174    .constdata          NUemWin_ARM9_Keil.lib(F13_ASCII.o)
    0x0001ff7a   0x0001ff7a   0x0000000d   Data   RO         5175    .constdata          NUemWin_ARM9_Keil.lib(F13_ASCII.o)
    0x0001ff87   0x0001ff87   0x0000000d   Data   RO         5176    .constdata          NUemWin_ARM9_Keil.lib(F13_ASCII.o)
    0x0001ff94   0x0001ff94   0x0000000d   Data   RO         5177    .constdata          NUemWin_ARM9_Keil.lib(F13_ASCII.o)
    0x0001ffa1   0x0001ffa1   0x0000000d   Data   RO         5178    .constdata          NUemWin_ARM9_Keil.lib(F13_ASCII.o)
    0x0001ffae   0x0001ffae   0x0000000d   Data   RO         5179    .constdata          NUemWin_ARM9_Keil.lib(F13_ASCII.o)
    0x0001ffbb   0x0001ffbb   0x0000000d   Data   RO         5180    .constdata          NUemWin_ARM9_Keil.lib(F13_ASCII.o)
    0x0001ffc8   0x0001ffc8   0x0000000d   Data   RO         5181    .constdata          NUemWin_ARM9_Keil.lib(F13_ASCII.o)
    0x0001ffd5   0x0001ffd5   0x0000000d   Data   RO         5182    .constdata          NUemWin_ARM9_Keil.lib(F13_ASCII.o)
    0x0001ffe2   0x0001ffe2   0x00000002   PAD
    0x0001ffe4   0x0001ffe4   0x000002f8   Data   RO         5183    .constdata          NUemWin_ARM9_Keil.lib(F13_ASCII.o)
    0x000202dc   0x000202dc   0x0000000c   Data   RO         5184    .constdata          NUemWin_ARM9_Keil.lib(F13_ASCII.o)
    0x000202e8   0x000202e8   0x00000074   Data   RO         5198    .constdata          NUemWin_ARM9_Keil.lib(GUIDEV_32.o)
    0x0002035c   0x0002035c   0x00000018   Data   RO         5243    .constdata          NUemWin_ARM9_Keil.lib(GUIDEV_UsageBM.o)
    0x00020374   0x00020374   0x00000008   Data   RO         5259    .constdata          NUemWin_ARM9_Keil.lib(GUIDEV_WriteToActiveOpaque.o)
    0x0002037c   0x0002037c   0x0000001c   Data   RO         5274    .constdata          NUemWin_ARM9_Keil.lib(WIDGET_Effect_Simple.o)
    0x00020398   0x00020398   0x00000035   Data   RO         1786    .conststring        framewindlg.o
    0x000203cd   0x000203cd   0x00000003   PAD
    0x000203d0   0x000203d0   0x00000030   Data   RO         5924    Region$$Table       anon$$obj.o


    Execution Region RW_RAM1 (Exec base: 0x00020400, Load base: 0x00020400, Size: 0x00c68654, Max: 0xffffffff, ABSOLUTE, COMPRESSED[0x00000e50])

    Exec Addr    Load Addr    Size         Type   Attr      Idx    E Section Name        Object

    0x00020400   COMPRESSED   0x000001f4   Data   RW           20    .data               sys.o
    0x000205f4   COMPRESSED   0x00000060   Data   RW          158    .data               sys_timer.o
    0x00020654   COMPRESSED   0x00000038   Data   RW          598    .data               lcd.o
    0x0002068c   COMPRESSED   0x00000038   Data   RW          599    .data               lcd.o
    0x000206c4   COMPRESSED   0x00000038   Data   RW          600    .data               lcd.o
    0x000206fc   COMPRESSED   0x00000038   Data   RW          601    .data               lcd.o
    0x00020734   COMPRESSED   0x00000010   Data   RW          602    .data               lcd.o
    0x00020744   COMPRESSED   0x00000004   Data   RW          761    .data               adc.o
    0x00020748   COMPRESSED   0x0000000c   Data   RW          828    .data               system_n9h30.o
    0x00020754   COMPRESSED   0x0000000c   PAD
    0x00020760   COMPRESSED   0x00001928   Data   RW         1010    .data               2d.o
    0x00022088   COMPRESSED   0x0000000c   Data   RW         1389    .data               fbutils.o
    0x00022094   COMPRESSED   0x00000018   Data   RW         1538    .data               touchpanel.o
    0x000220ac   COMPRESSED   0x00000024   Data   RW         1603    .data               ts_calibrate.o
    0x000220d0   COMPRESSED   0x00000004   Data   RW         1787    .data               framewindlg.o
    0x000220d4   COMPRESSED   0x00000024   Data   RW         2066    .data               main.o
    0x000220f8   COMPRESSED   0x0000003c   Data   RW         2406    .data               tasks.o
    0x00022134   COMPRESSED   0x00000004   Data   RW         2678    .data               port.o
    0x00022138   COMPRESSED   0x00000018   Data   RW         2820    .data               heap_4.o
    0x00022150   COMPRESSED   0x00000008   Data   RW         2868    .data               NUemWin_ARM9_Keil.lib(GUICC_M565.o)
    0x00022158   COMPRESSED   0x00000004   Data   RW         2911    .data               NUemWin_ARM9_Keil.lib(GUI_Alloc.o)
    0x0002215c   COMPRESSED   0x00000011   Data   RW         3034    .data               NUemWin_ARM9_Keil.lib(GUI_Common.o)
    0x0002216d   COMPRESSED   0x00000003   PAD
    0x00022170   COMPRESSED   0x0000004c   Data   RW         3150    .data               NUemWin_ARM9_Keil.lib(GUI_Core.o)
    0x000221bc   COMPRESSED   0x00000004   Data   RW         3151    .data               NUemWin_ARM9_Keil.lib(GUI_Core.o)
    0x000221c0   COMPRESSED   0x00000004   Data   RW         3153    .data               NUemWin_ARM9_Keil.lib(GUI_Core.o)
    0x000221c4   COMPRESSED   0x00000004   Data   RW         3154    .data               NUemWin_ARM9_Keil.lib(GUI_Core.o)
    0x000221c8   COMPRESSED   0x00000004   Data   RW         3155    .data               NUemWin_ARM9_Keil.lib(GUI_Core.o)
    0x000221cc   COMPRESSED   0x00000004   Data   RW         3156    .data               NUemWin_ARM9_Keil.lib(GUI_Core.o)
    0x000221d0   COMPRESSED   0x00000004   Data   RW         3157    .data               NUemWin_ARM9_Keil.lib(GUI_Core.o)
    0x000221d4   COMPRESSED   0x00000004   Data   RW         3158    .data               NUemWin_ARM9_Keil.lib(GUI_Core.o)
    0x000221d8   COMPRESSED   0x00000001   Data   RW         3159    .data               NUemWin_ARM9_Keil.lib(GUI_Core.o)
    0x000221d9   COMPRESSED   0x00000003   PAD
    0x000221dc   COMPRESSED   0x00000004   Data   RW         3161    .data               NUemWin_ARM9_Keil.lib(GUI_Core.o)
    0x000221e0   COMPRESSED   0x00000002   Data   RW         3162    .data               NUemWin_ARM9_Keil.lib(GUI_Core.o)
    0x000221e2   COMPRESSED   0x00000002   Data   RW         3163    .data               NUemWin_ARM9_Keil.lib(GUI_Core.o)
    0x000221e4   COMPRESSED   0x00000001   Data   RW         3224    .data               NUemWin_ARM9_Keil.lib(GUI_DispString.o)
    0x000221e5   COMPRESSED   0x00000003   PAD
    0x000221e8   COMPRESSED   0x00000004   Data   RW         3274    .data               NUemWin_ARM9_Keil.lib(GUI_Time.o)
    0x000221ec   COMPRESSED   0x00000038   Data   RW         3284    .data               NUemWin_ARM9_Keil.lib(GUI_TOUCH_DriverAnalog.o)
    0x00022224   COMPRESSED   0x00000008   Data   RW         3339    .data               NUemWin_ARM9_Keil.lib(LCD_GetEx.o)
    0x0002222c   COMPRESSED   0x0000003c   Data   RW         3549    .data               NUemWin_ARM9_Keil.lib(BUTTON.o)
    0x00022268   COMPRESSED   0x00000024   Data   RW         3637    .data               NUemWin_ARM9_Keil.lib(EDIT.o)
    0x0002228c   COMPRESSED   0x00000030   Data   RW         3713    .data               NUemWin_ARM9_Keil.lib(FRAMEWIN.o)
    0x000222bc   COMPRESSED   0x00000010   Data   RW         3773    .data               NUemWin_ARM9_Keil.lib(TEXT.o)
    0x000222cc   COMPRESSED   0x00000048   Data   RW         3848    .data               NUemWin_ARM9_Keil.lib(WM.o)
    0x00022314   COMPRESSED   0x00000001   Data   RW         3849    .data               NUemWin_ARM9_Keil.lib(WM.o)
    0x00022315   COMPRESSED   0x00000003   PAD
    0x00022318   COMPRESSED   0x00000004   Data   RW         4099    .data               NUemWin_ARM9_Keil.lib(GUI_CharLine.o)
    0x0002231c   COMPRESSED   0x00000010   Data   RW         4176    .data               NUemWin_ARM9_Keil.lib(GUI_OnKey.o)
    0x0002232c   COMPRESSED   0x00000004   Data   RW         4208    .data               NUemWin_ARM9_Keil.lib(GUI_TOUCH.o)
    0x00022330   COMPRESSED   0x0000001c   Data   RW         4217    .data               NUemWin_ARM9_Keil.lib(GUI_TOUCH_Calibrate.o)
    0x0002234c   COMPRESSED   0x0000000c   Data   RW         4254    .data               NUemWin_ARM9_Keil.lib(GUI_WaitEvent.o)
    0x00022358   COMPRESSED   0x00000004   Data   RW         4260    .data               NUemWin_ARM9_Keil.lib(GUI__BiDiRouting.o)
    0x0002235c   COMPRESSED   0x00000004   Data   RW         4265    .data               NUemWin_ARM9_Keil.lib(GUI__BiDiRouting.o)
    0x00022360   COMPRESSED   0x0000000c   Data   RW         4279    .data               NUemWin_ARM9_Keil.lib(GUI__GetCursorPos.o)
    0x0002236c   COMPRESSED   0x00000010   Data   RW         4292    .data               NUemWin_ARM9_Keil.lib(GUI__ManageCache.o)
    0x0002237c   COMPRESSED   0x00000004   Data   RW         4317    .data               NUemWin_ARM9_Keil.lib(GUI__Private.o)
    0x00022380   COMPRESSED   0x00000010   Data   RW         4318    .data               NUemWin_ARM9_Keil.lib(GUI__Private.o)
    0x00022390   COMPRESSED   0x00000010   Data   RW         4354    .data               NUemWin_ARM9_Keil.lib(GUI__Wrap.o)
    0x000223a0   COMPRESSED   0x00000004   Data   RW         4384    .data               NUemWin_ARM9_Keil.lib(LCD.o)
    0x000223a4   COMPRESSED   0x00000014   Data   RW         4415    .data               NUemWin_ARM9_Keil.lib(LCD_Color.o)
    0x000223b8   COMPRESSED   0x00000004   Data   RW         4608    .data               NUemWin_ARM9_Keil.lib(GUIDEV_Banding.o)
    0x000223bc   COMPRESSED   0x00000001   Data   RW         4620    .data               NUemWin_ARM9_Keil.lib(GUIDEV_StaticDevices.o)
    0x000223bd   COMPRESSED   0x00000003   PAD
    0x000223c0   COMPRESSED   0x0000000c   Data   RW         4634    .data               NUemWin_ARM9_Keil.lib(BUTTON_Skin.o)
    0x000223cc   COMPRESSED   0x00000020   Data   RW         4643    .data               NUemWin_ARM9_Keil.lib(BUTTON_SkinFlex.o)
    0x000223ec   COMPRESSED   0x00000020   Data   RW         4644    .data               NUemWin_ARM9_Keil.lib(BUTTON_SkinFlex.o)
    0x0002240c   COMPRESSED   0x00000020   Data   RW         4645    .data               NUemWin_ARM9_Keil.lib(BUTTON_SkinFlex.o)
    0x0002242c   COMPRESSED   0x00000020   Data   RW         4646    .data               NUemWin_ARM9_Keil.lib(BUTTON_SkinFlex.o)
    0x0002244c   COMPRESSED   0x00000014   Data   RW         4655    .data               NUemWin_ARM9_Keil.lib(FRAMEWIN_Skin.o)
    0x00022460   COMPRESSED   0x00000058   Data   RW         4665    .data               NUemWin_ARM9_Keil.lib(FRAMEWIN_SkinFlex.o)
    0x000224b8   COMPRESSED   0x00000004   Data   RW         4699    .data               NUemWin_ARM9_Keil.lib(WIDGET.o)
    0x000224bc   COMPRESSED   0x00000004   Data   RW         4757    .data               NUemWin_ARM9_Keil.lib(WM_SetCaptureMove.o)
    0x000224c0   COMPRESSED   0x00000014   Data   RW         4790    .data               NUemWin_ARM9_Keil.lib(WM_Touch.o)
    0x000224d4   COMPRESSED   0x00000004   Data   RW         4828    .data               NUemWin_ARM9_Keil.lib(WM__Private.o)
    0x000224d8   COMPRESSED   0x00000020   Data   RW         4938    .data               NUemWin_ARM9_Keil.lib(GUI_PID.o)
    0x000224f8   COMPRESSED   0x00000014   Data   RW         5014    .data               NUemWin_ARM9_Keil.lib(GUI_Timer.o)
    0x0002250c   COMPRESSED   0x00000030   Data   RW         5041    .data               NUemWin_ARM9_Keil.lib(GUI__Alpha.o)
    0x0002253c   COMPRESSED   0x00000018   Data   RW         5071    .data               NUemWin_ARM9_Keil.lib(LCD_AA.o)
    0x00022554   COMPRESSED   0x00000004   Data   RW         5275    .data               NUemWin_ARM9_Keil.lib(WIDGET_Effect_Simple.o)
    0x00022558        -       0x00000140   Zero   RW          157    .bss                sys_timer.o
    0x00022698        -       0x00000068   Zero   RW          597    .bss                lcd.o
    0x00022700        -       0x00000488   Zero   RW          760    .bss                adc.o
    0x00022b88   COMPRESSED   0x00001478   PAD
    0x00024000        -       0x00024000   Zero   RW          827    .bss                system_n9h30.o
    0x00048000        -       0x00000010   Zero   RW          919    .bss                spi.o
    0x00048010        -       0x00000068   Zero   RW         1388    .bss                fbutils.o
    0x00048078        -       0x000000d8   Zero   RW         1602    .bss                ts_calibrate.o
    0x00048150        -       0x00c00000   Zero   RW         1713    .bss                guiconf.o
    0x00c48150        -       0x00000014   Zero   RW         1784    .bss                framewindlg.o
    0x00c48164        -       0x00000400   Zero   RW         2064    .bss                main.o
    0x00c48564        -       0x000000b4   Zero   RW         2405    .bss                tasks.o
    0x00c48618        -       0x00040000   Zero   RW         2819    .bss                heap_4.o
    0x00c88618        -       0x000000cc   Zero   RW         2910    .bss                NUemWin_ARM9_Keil.lib(GUI_Alloc.o)
    0x00c886e4        -       0x00000088   Zero   RW         3148    .bss                NUemWin_ARM9_Keil.lib(GUI_Core.o)
    0x00c8876c        -       0x0000000c   Zero   RW         3293    .bss                NUemWin_ARM9_Keil.lib(GUI_TOUCH_StoreState.o)
    0x00c88778        -       0x00000058   Zero   RW         3846    .bss                NUemWin_ARM9_Keil.lib(WM.o)
    0x00c887d0        -       0x00000058   Zero   RW         4175    .bss                NUemWin_ARM9_Keil.lib(GUI_OnKey.o)
    0x00c88828        -       0x00000010   Zero   RW         4194    .bss                NUemWin_ARM9_Keil.lib(GUI_SelectLayer.o)
    0x00c88838        -       0x0000000c   Zero   RW         4207    .bss                NUemWin_ARM9_Keil.lib(GUI_TOUCH.o)
    0x00c88844        -       0x00000018   Zero   RW         4216    .bss                NUemWin_ARM9_Keil.lib(GUI_TOUCH_Calibrate.o)
    0x00c8885c        -       0x00000010   Zero   RW         4291    .bss                NUemWin_ARM9_Keil.lib(GUI__ManageCache.o)
    0x00c8886c        -       0x00000090   Zero   RW         4789    .bss                NUemWin_ARM9_Keil.lib(WM_Touch.o)
    0x00c888fc        -       0x00000080   Zero   RW         4899    .bss                NUemWin_ARM9_Keil.lib(GUI_Cursor.o)
    0x00c8897c        -       0x00000048   Zero   RW         4937    .bss                NUemWin_ARM9_Keil.lib(GUI_PID.o)
    0x00c889c4        -       0x00000030   Zero   RW         5285    .bss                NUemWin_ARM9_Keil.lib(WM_PID__GetPrevState.o)
    0x00c889f4        -       0x00000060   Zero   RW         5793    .bss                c_5.l(libspace.o)


==============================================================================

Image component sizes


      Code (inc. data)   RO Data    RW Data    ZI Data      Debug   Object Name

       912         40          0       6440          0       7772   2d.o
      2780         52          0          4       1160      11399   adc.o
       940         12          0         12        104      55583   fbutils.o
       556         92        249          4         20       9616   framewindlg.o
        20          0          0          0          0      11172   gui_x_freertos.o
        36          8          0          0   12582912        591   guiconf.o
       624         32          0         24     262144       5110   heap_4.o
       632         48          0        240        104       8676   lcd.o
       260         12          0          0          0       2256   lcdconf.o
       240          0          0          0          0       3718   list.o
      1528        564         40         36       1024      57668   main.o
       456         52          0          4          0       4790   port.o
       452         36          0          0          0        460   portasm.o
      1192         60          0          0         16       6207   spi.o
      2516        184          0          0          0       6849   spilib.o
        24          4          0          0          0       2070   standalone.o
       252         48          0          0          0        376   startup.o
       648         76          0        500          0      55563   sys.o
        48          0          0          0          0        360   sys_n9h30.o
       940         64          0         96        320      50451   sys_timer.o
      1024          4          0          0          0       6242   sys_uart.o
      1116         44          0         12     147456       5914   system_n9h30.o
      1860        100          0         60        180      15242   tasks.o
       448         36          0          0          0       3154   testutils.o
       720         40          0         24          0       5773   touchpanel.o
      2552        312          0         36        216       5743   ts_calibrate.o

    ----------------------------------------------------------------------
     22776       1920        340       7504   13000896     342755   Object Totals
         0          0         48          0          0          0   (incl. Generated)
         0          0          3         12       5240          0   (incl. Padding)

    ----------------------------------------------------------------------

      Code (inc. data)   RO Data    RW Data    ZI Data      Debug   Library Member Name

      1128         12          0         60          0        496   BUTTON.o
       312          0          0         12          0        180   BUTTON_Skin.o
       864          4         16        128          0         88   BUTTON_SkinFlex.o
       276          0          0          0          0         88   DIALOG.o
      4688         52          0         36          0        788   EDIT.o
         0          0       2155          0          0          0   F13_1.o
         0          0       2046          0          0          0   F13_ASCII.o
         0          0       1816          0          0          0   F6x8.o
      3200         28          0         48          0       1040   FRAMEWIN.o
       616          0          0         20          0        276   FRAMEWIN_Skin.o
      1392          8          0         88          0        124   FRAMEWIN_SkinFlex.o
       324          0         24          0          0        244   GUICC_0.o
       520         44         24          8          0        436   GUICC_M565.o
       220          0         24          0          0        316   GUICC_M8888I.o
         4          0          0          0          0         68   GUICC_M8888I_Index2Color.o
      1304         32          0          0          0        708   GUIDEV.o
      4668         44        116          0          0       1004   GUIDEV_16.o
      4656         48        116          0          0       1016   GUIDEV_32.o
       508         12          0          4          0        104   GUIDEV_Banding.o
       116          4          0          0          0         96   GUIDEV_Clear.o
        40          0          0          0          0         80   GUIDEV_GetDataPtr.o
        68          4          0          0          0         80   GUIDEV_GetYSize.o
        76          4          0          0          0         80   GUIDEV_ReduceYSize.o
       172          4          0          0          0         92   GUIDEV_SetOrg.o
       552         24          0          1          0        120   GUIDEV_StaticDevices.o
       128          0          0          0          0        164   GUIDEV_Usage.o
       660          4         24          0          0        476   GUIDEV_UsageBM.o
       140          0          0          0          0        100   GUIDEV_Write.o
      1152         32          0          0          0        248   GUIDEV_WriteToActiveAlpha.o
      3172         12          8          0          0        148   GUIDEV_WriteToActiveOpaque.o
      6280        364         52          0          0       2548   GUIDRV_Lin_16.o
       188          4          0          0          0         96   GUI_2DLib.o
      3888        112          0          4        204       1756   GUI_Alloc.o
       152         16          0          0          0        272   GUI_Char.o
      1140         32          0          4          0        356   GUI_CharLine.o
       628          8          0          0          0        300   GUI_CharM.o
       592          8          0          0          0        344   GUI_CharP.o
      1508         84          0         17          0       1816   GUI_Common.o
      1060         84          8        113        136        576   GUI_Core.o
       168          4          0          0        128         92   GUI_Cursor.o
        76          0          0          0          0         88   GUI_DRAW.o
       788         28          0          0          0        456   GUI_Device.o
      2220         36          0          1          0        660   GUI_DispString.o
       916          8          0          0          0        104   GUI_DrawGradient.o
       608         20          0          0          0        472   GUI_DrawLib.o
        96         12          0         16         88        144   GUI_OnKey.o
       488         52          0         32         72        308   GUI_PID.o
      3064         16          0          0          0        480   GUI_SPRITE.o
       152         12          0          0         16        296   GUI_SelectLayer.o
        52          4          0          0          0         76   GUI_SetAlpha.o
       136          8          0          4         12         96   GUI_TOUCH.o
      2052          8          0         28         24        104   GUI_TOUCH_Calibrate.o
       276         20          0         56          0         96   GUI_TOUCH_DriverAnalog.o
        44          4          0          0         12         68   GUI_TOUCH_StoreState.o
        68          4          0          4          0        148   GUI_Time.o
      1508         40          0         20          0        844   GUI_Timer.o
       428         32          0          0          0        608   GUI_UC.o
        36          0         16          0          0        272   GUI_UC_EncodeNone.o
        24          4          0         12          0         68   GUI_WaitEvent.o
      1348         32          0         48          0        524   GUI__Alpha.o
         0          0          0          8          0          0   GUI__BiDiRouting.o
      1152          0          0          0          0        252   GUI__CompactPixelIndices.o
         0          0        608          0          0          0   GUI__DivTbl.o
      1688          8          0          0          0        208   GUI__DrawTwinArc.o
       464          0          0          0          0        108   GUI__ExpandPixelIndices.o
       308         16          0         12          0        472   GUI__GetCursorPos.o
       404         12          0         16         16        156   GUI__ManageCache.o
      1420         16          0         20          0        812   GUI__Private.o
       628         20          0         16          0        348   GUI__Wrap.o
      3388        152         12          4          0       1600   LCD.o
       128         12          0         24          0        144   LCD_AA.o
       448         32          0         20          0        328   LCD_Color.o
        48          8          0          0          0        136   LCD_GetColorIndex.o
      1504         44          0          8          0       1848   LCD_GetEx.o
        48          0          0          0          0         80   LCD_GetNumDisplays.o
       304         16          0          0          0        196   LCD_GetP.o
         0          0        256          0          0          0   LCD_Mirror.o
      1020         52          0          0          0        264   LCD_ReadRect.o
       116          8          0          0          0         80   LCD_SelectLCD.o
       520          0          0          0          0        500   LCD_Set.o
        84          8          0          0          0         84   LCD_SetClipRectEx.o
        48          4          0          0          0         80   LCD_UpdateColorIndices.o
       640         16          0         16          0        284   TEXT.o
      1440          8          0          4          0        596   WIDGET.o
       296         16         28          4          0        328   WIDGET_Effect_Simple.o
     10132        288          0         73         88       3356   WM.o
       188          4          0          0          0        164   WM_BringToTop.o
       144          0          0          0          0        296   WM_GetWindowSize.o
      2556         68          0          0          0       2372   WM_Lib.o
        36          0          0          0          0         76   WM_MemDev.o
       564          0          0          0          0        272   WM_Move.o
        28          4          0          0         48         68   WM_PID__GetPrevState.o
       388          4          0          0          0        176   WM_Screen2Win.o
       188         20          0          0          0        180   WM_SetCapture.o
       264          4          0          4          0        116   WM_SetCaptureMove.o
       232          4          0          0          0         84   WM_SetFocusOnNextChild.o
       168          0          0          0          0         80   WM_SetFocusOnPrevChild.o
       136          4          0          0          0        156   WM_SetTrans.o
       520          8          0          0          0        428   WM_Timer.o
      1804         44          0         20        144        204   WM_Touch.o
      1472         24          0          4          0       1216   WM__Private.o
        92          0          0          0          0          0   __dczerorl2.o
         8          0          0          0          0         68   __main.o
       108          0          0          0          0         76   __printf.o
         0          0          0          0          0          0   __rtentry.o
        44          4          0          0          0          0   __rtentry2.o
         8          0          0          0          0          0   __rtentry4.o
        60          8          0          0          0          0   __scatter.o
        40          0          0          0          0          0   __scatter_copy.o
        44          0          0          0          0          0   __scatter_zi.o
        48          6          0          0          0         88   _printf_char_common.o
         8          0          0          0          0          0   _printf_d.o
       116         18          0          0          0         76   _printf_dec.o
       176          0          0          0          0         84   _printf_intcommon.o
         0          0          0          0          0          0   _printf_percent.o
         8          0          0          0          0          0   _printf_percent_end.o
        10          0          0          0          0         60   _sputc.o
        16          0          0          0          0         68   aeabi_memset.o
       600          0          0          0          0        144   aeabi_sdivfast.o
        12          0          0          0          0         68   defsig_exit.o
        52          0          0          0          0         72   defsig_general.o
        80         58          0          0          0         68   defsig_rtmem_inner.o
        12          0          0          0          0         68   defsig_rtmem_outer.o
        16          0          0          0          0         68   exit.o
        98          0          0          0          0         72   h1_alloc.o
        52          0          0          0          0         68   h1_extend.o
        76          0          0          0          0         72   h1_free.o
        14          0          0          0          0         76   h1_init.o
         6          0          0          0          0        136   heapauxi.o
         4          0          0          0          0        120   hguard.o
       136          0          0          0          0        160   init_alloc.o
         2          0          0          0          0          0   libinit.o
        10          0          0          0          0          0   libinit2.o
         2          0          0          0          0          0   libshutdown.o
         2          0          0          0          0          0   libshutdown2.o
        12          4          0          0         96         68   libspace.o
         0          0          0          0          0          0   maybetermalloc1.o
       116          0          0          0          0         68   memcmp.o
        12          0          0          0          0         76   memcpy.o
        28          0          0          0          0         76   memset.o
        40          4          0          0          0         84   noretval__2sprintf.o
       672          0          0          0          0        120   qsortnoex.o
        12          4          0          0          0         68   rt_heap_descriptor_intlibspace.o
        64          0          0          0          0         68   rt_memclr.o
        84          0          0          0          0         80   rt_memclr_w.o
       212          0          0          0          0         68   rt_memcpy.o
       100          0          0          0          0         80   rt_memcpy_w.o
       212          0          0          0          0         68   rt_memmove.o
       128          0          0          0          0         80   rt_memmove_w.o
         4          0          0          0          0          0   rtexit.o
        12          0          0          0          0          0   rtexit2.o
        44          0          0          0          0         68   rtudiv10.o
        24          0          0          0          0         60   strcat.o
       272          4          0          0          0         80   strcmpfast.o
        76          4          0          0          0         72   strcpy.o
        68          6          0          0          0         72   strlen.o
        96          0          0          0          0         80   sys_stackheap_outer.o
        16          0          0          0          0         68   dretinf.o
       100          4          0          0          0         84   f2d.o
       452          8          0          0          0        168   faddsub_clz.o
       400         76          0          0          0         96   fdiv.o
        68          4          0          0          0         84   ffix.o
        48          0          0          0          0         68   fflt_clz.o
       256          4          0          0          0         84   fmul.o
       160          0          0          0          0         84   fnaninf.o
        16          0          0          0          0         68   fretinf.o
         0          0          0          0          0          0   usenofp.o

    ----------------------------------------------------------------------
    101628       2568       7352       1032       1084      44828   Library Totals
         8          0          3         15          0          0   (incl. Padding)

    ----------------------------------------------------------------------

      Code (inc. data)   RO Data    RW Data    ZI Data      Debug   Library Name

     95856       2352       7349       1017        988      40876   NUemWin_ARM9_Keil.lib
      4248        120          0          0         96       3148   c_5.l
      1516         96          0          0          0        804   fz_5s.l

    ----------------------------------------------------------------------
    101628       2568       7352       1032       1084      44828   Library Totals

    ----------------------------------------------------------------------

==============================================================================


      Code (inc. data)   RO Data    RW Data    ZI Data      Debug   

    124404       4488       7692       8536   13001980     353771   Grand Totals
    124404       4488       7692       3664   13001980     353771   ELF Image Totals (compressed)
    124404       4488       7692       3664          0          0   ROM Totals

==============================================================================

    Total RO  Size (Code + RO Data)               132096 ( 129.00kB)
    Total RW  Size (RW Data + ZI Data)          13010516 (12705.58kB)
    Total ROM Size (Code + RO Data + RW Data)     135760 ( 132.58kB)

==============================================================================

