<html>
<body>
<pre>
<h1>µVision Build Log</h1>
<h2>Tool Versions:</h2>
IDE-Version: £gVision V5.26.2.0
Copyright (C) 2018 ARM Ltd and ARM Germany GmbH. All rights reserved.
License Information: WT WT WT Flex license: MDK-ARM Professional: 4 user(s) (mdk_pro) Support: May 2019
 
Tool Versions:
Toolchain:       MDK-ARM Professional: 4 user(s)  Version: 5.26.2.0
Toolchain Path:  C:\Keil_v5\ARM\ARMCC\Bin
C Compiler:      Armcc.exe V5.06 update 6 (build 750)
Assembler:       Armasm.exe V5.06 update 6 (build 750)
Linker/Locator:  ArmLink.exe V5.06 update 6 (build 750)
Library Manager: ArmAr.exe V5.06 update 6 (build 750)
Hex Converter:   FromElf.exe V5.06 update 6 (build 750)
CPU DLL:         SARM.DLL V5.26.2.0
Dialog DLL:      DARMATS9.DLL V1.22.0.0
Target DLL:      Segger\JLTAgdi.dll V1.61.0.0
Dialog DLL:      TARMATS9.DLL V1.21.0.0
 
<h2>Project:</h2>
D:\SourceCode\_Avery_N9H30\N9H30_emWin_NonOS_FreeRTOS_emWin\SampleCode\FreeRTOS_with_emwin\KEIL\emWin_SimpleDemo.uvproj
Project File Date:  04/09/2019

<h2>Output:</h2>
*** Using Compiler 'V5.06 update 6 (build 750)', folder: 'C:\Keil_v5\ARM\ARMCC\Bin'
Build target 'emWin_SimpleDemo_E50A2V1_16BPP'
creating preprocessor file for sys.c...
creating preprocessor file for sys_timer.c...
creating preprocessor file for sys_uart.c...
creating preprocessor file for gpio.c...
creating preprocessor file for lcd.c...
creating preprocessor file for adc.c...
creating preprocessor file for system_N9H30.c...
creating preprocessor file for spi.c...
creating preprocessor file for 2d.c...
creating preprocessor file for jpegcodec.c...
creating preprocessor file for fbutils.c...
creating preprocessor file for testutils.c...
creating preprocessor file for TouchPanel.c...
creating preprocessor file for ts_calibrate.c...
creating preprocessor file for spilib.c...
creating preprocessor file for GUIConf.c...
creating preprocessor file for LCDConf.c...
creating preprocessor file for FramewinDLG.c...
creating preprocessor file for GUI_X_FreeRTOS.c...
creating preprocessor file for standalone.c...
creating preprocessor file for main.c...
creating preprocessor file for list.c...
creating preprocessor file for queue.c...
compiling main.c...
creating preprocessor file for tasks.c...
creating preprocessor file for port.c...
creating preprocessor file for croutine.c...
creating preprocessor file for event_groups.c...
creating preprocessor file for timers.c...
creating preprocessor file for heap_4.c...
linking...
Program Size: Code=124404 RO-data=7692 RW-data=8536 ZI-data=13001980  
After Build - User command #1: fromelf --bin ".\obj\emWin_SimpleDemo_E50A2V1_16BPP.axf" --output ".\obj\emWin_SimpleDemo_E50A2V1_16BPP.bin"
After Build - User command #2: fromelf --text -c ".\obj\emWin_SimpleDemo_E50A2V1_16BPP.axf" --output ".\obj\emWin_SimpleDemo_E50A2V1_16BPP.txt"
".\obj\emWin_SimpleDemo_E50A2V1_16BPP.axf" - 0 Error(s), 0 Warning(s).
Build Time Elapsed:  00:00:10
</pre>
</body>
</html>
